INSTRUMENTATION_STATUS: class=dev.photohouse.connected.AccessModeTest
INSTRUMENTATION_STATUS: current=1
INSTRUMENTATION_STATUS: id=AndroidJUnitRunner
INSTRUMENTATION_STATUS: numtests=6
INSTRUMENTATION_STATUS: stream=
dev.photohouse.connected.AccessModeTest:
INSTRUMENTATION_STATUS: test=explicitHomeAndSignInRoutesReturnToChooser
INSTRUMENTATION_STATUS_CODE: 1
INSTRUMENTATION_STATUS: class=dev.photohouse.connected.AccessModeTest
INSTRUMENTATION_STATUS: current=1
INSTRUMENTATION_STATUS: id=AndroidJUnitRunner
INSTRUMENTATION_STATUS: numtests=6
INSTRUMENTATION_STATUS: stream=.
INSTRUMENTATION_STATUS: test=explicitHomeAndSignInRoutesReturnToChooser
INSTRUMENTATION_STATUS_CODE: 0
INSTRUMENTATION_STATUS: class=dev.photohouse.connected.HomePhoneTest
INSTRUMENTATION_STATUS: current=2
INSTRUMENTATION_STATUS: id=AndroidJUnitRunner
INSTRUMENTATION_STATUS: numtests=6
INSTRUMENTATION_STATUS: stream=
dev.photohouse.connected.HomePhoneTest:
INSTRUMENTATION_STATUS: test=deniedHomeStaysHomeAndClearsMediaWithoutOpeningAccount
INSTRUMENTATION_STATUS_CODE: 1
INSTRUMENTATION_STATUS: class=dev.photohouse.connected.HomePhoneTest
INSTRUMENTATION_STATUS: current=2
INSTRUMENTATION_STATUS: id=AndroidJUnitRunner
INSTRUMENTATION_STATUS: numtests=6
INSTRUMENTATION_STATUS: stream=.
INSTRUMENTATION_STATUS: test=deniedHomeStaysHomeAndClearsMediaWithoutOpeningAccount
INSTRUMENTATION_STATUS_CODE: 0
INSTRUMENTATION_STATUS: class=dev.photohouse.connected.HomePhoneTest
INSTRUMENTATION_STATUS: current=3
INSTRUMENTATION_STATUS: id=AndroidJUnitRunner
INSTRUMENTATION_STATUS: numtests=6
INSTRUMENTATION_STATUS: stream=
INSTRUMENTATION_STATUS: test=videoStreamsSeeksAndFailureStaysVisibleUntilRetry
INSTRUMENTATION_STATUS_CODE: 1
INSTRUMENTATION_STATUS: class=dev.photohouse.connected.HomePhoneTest
INSTRUMENTATION_STATUS: current=3
INSTRUMENTATION_STATUS: id=AndroidJUnitRunner
INSTRUMENTATION_STATUS: numtests=6
INSTRUMENTATION_STATUS: stream=.
INSTRUMENTATION_STATUS: test=videoStreamsSeeksAndFailureStaysVisibleUntilRetry
INSTRUMENTATION_STATUS_CODE: 0
INSTRUMENTATION_STATUS: class=dev.photohouse.connected.HomePhoneTest
INSTRUMENTATION_STATUS: current=4
INSTRUMENTATION_STATUS: id=AndroidJUnitRunner
INSTRUMENTATION_STATUS: numtests=6
INSTRUMENTATION_STATUS: stream=
INSTRUMENTATION_STATUS: test=homeFiltersPagingPhotoAndOriginalKeepTouchControlsAndCaptions
INSTRUMENTATION_STATUS_CODE: 1
INSTRUMENTATION_STATUS: class=dev.photohouse.connected.HomePhoneTest
INSTRUMENTATION_STATUS: current=4
INSTRUMENTATION_STATUS: id=AndroidJUnitRunner
INSTRUMENTATION_STATUS: numtests=6
INSTRUMENTATION_STATUS: stream=.
INSTRUMENTATION_STATUS: test=homeFiltersPagingPhotoAndOriginalKeepTouchControlsAndCaptions
INSTRUMENTATION_STATUS_CODE: 0
INSTRUMENTATION_STATUS: class=dev.photohouse.connected.OnDemandPhotoTest
INSTRUMENTATION_STATUS: current=5
INSTRUMENTATION_STATUS: id=AndroidJUnitRunner
INSTRUMENTATION_STATUS: numtests=6
INSTRUMENTATION_STATUS: stream=
dev.photohouse.connected.OnDemandPhotoTest:
INSTRUMENTATION_STATUS: test=optimizedPhotoOffersExplicitOriginalUpgradeInBothLanguages
INSTRUMENTATION_STATUS_CODE: 1
INSTRUMENTATION_STATUS: class=dev.photohouse.connected.OnDemandPhotoTest
INSTRUMENTATION_STATUS: current=5
INSTRUMENTATION_STATUS: id=AndroidJUnitRunner
INSTRUMENTATION_STATUS: numtests=6
INSTRUMENTATION_STATUS: stream=.
INSTRUMENTATION_STATUS: test=optimizedPhotoOffersExplicitOriginalUpgradeInBothLanguages
INSTRUMENTATION_STATUS_CODE: 0
INSTRUMENTATION_STATUS: class=dev.photohouse.connected.ConnectedUiTest
INSTRUMENTATION_STATUS: current=6
INSTRUMENTATION_STATUS: id=AndroidJUnitRunner
INSTRUMENTATION_STATUS: numtests=6
INSTRUMENTATION_STATUS: stream=
dev.photohouse.connected.ConnectedUiTest:
INSTRUMENTATION_STATUS: test=nativeVideoFitFillAndFullscreenKeepTheSameReaderAndRestoreControls
INSTRUMENTATION_STATUS_CODE: 1
INSTRUMENTATION_STATUS: class=dev.photohouse.connected.ConnectedUiTest
INSTRUMENTATION_STATUS: current=6
INSTRUMENTATION_STATUS: id=AndroidJUnitRunner
INSTRUMENTATION_STATUS: numtests=6
INSTRUMENTATION_STATUS: stream=.
INSTRUMENTATION_STATUS: test=nativeVideoFitFillAndFullscreenKeepTheSameReaderAndRestoreControls
INSTRUMENTATION_STATUS_CODE: 0
INSTRUMENTATION_RESULT: stream=

Time: 26.743

OK (6 tests)


INSTRUMENTATION_CODE: -1
