INSTRUMENTATION_STATUS: class=dev.photohouse.connected.AccessModeTest
INSTRUMENTATION_STATUS: current=1
INSTRUMENTATION_STATUS: id=AndroidJUnitRunner
INSTRUMENTATION_STATUS: numtests=22
INSTRUMENTATION_STATUS: stream=
dev.photohouse.connected.AccessModeTest:
INSTRUMENTATION_STATUS: test=explicitHomeAndSignInRoutesReturnToChooser
INSTRUMENTATION_STATUS_CODE: 1
INSTRUMENTATION_STATUS: class=dev.photohouse.connected.AccessModeTest
INSTRUMENTATION_STATUS: current=1
INSTRUMENTATION_STATUS: id=AndroidJUnitRunner
INSTRUMENTATION_STATUS: numtests=22
INSTRUMENTATION_STATUS: stack=java.lang.AssertionError: Action performScrollTo() failed.
Reason: Expected exactly '1' node but could not find any node that satisfies: (TestTag = 'access-account')

	at androidx.compose.ui.test.SemanticsNodeInteraction.fetchOneOrDie(SemanticsNodeInteraction.kt:178)
	at androidx.compose.ui.test.SemanticsNodeInteraction.fetchOneOrDie$default(SemanticsNodeInteraction.kt:150)
	at androidx.compose.ui.test.SemanticsNodeInteraction.fetchSemanticsNode(SemanticsNodeInteraction.kt:84)
	at androidx.compose.ui.test.ActionsKt.performScrollTo(Actions.kt:72)
	at dev.photohouse.connected.AccessModeTest.explicitHomeAndSignInRoutesReturnToChooser(AccessModeTest.kt:22)

INSTRUMENTATION_STATUS: stream=
Error in explicitHomeAndSignInRoutesReturnToChooser(dev.photohouse.connected.AccessModeTest):
java.lang.AssertionError: Action performScrollTo() failed.
Reason: Expected exactly '1' node but could not find any node that satisfies: (TestTag = 'access-account')

	at androidx.compose.ui.test.SemanticsNodeInteraction.fetchOneOrDie(SemanticsNodeInteraction.kt:178)
	at androidx.compose.ui.test.SemanticsNodeInteraction.fetchOneOrDie$default(SemanticsNodeInteraction.kt:150)
	at androidx.compose.ui.test.SemanticsNodeInteraction.fetchSemanticsNode(SemanticsNodeInteraction.kt:84)
	at androidx.compose.ui.test.ActionsKt.performScrollTo(Actions.kt:72)
	at dev.photohouse.connected.AccessModeTest.explicitHomeAndSignInRoutesReturnToChooser(AccessModeTest.kt:22)

INSTRUMENTATION_STATUS: test=explicitHomeAndSignInRoutesReturnToChooser
INSTRUMENTATION_STATUS_CODE: -2
INSTRUMENTATION_STATUS: class=dev.photohouse.connected.ConnectedUiTest
INSTRUMENTATION_STATUS: current=2
INSTRUMENTATION_STATUS: id=AndroidJUnitRunner
INSTRUMENTATION_STATUS: numtests=22
INSTRUMENTATION_STATUS: stream=
dev.photohouse.connected.ConnectedUiTest:
INSTRUMENTATION_STATUS: test=photoFitFillFullscreenAndSlideshowPreservePageAndClearOnBackground
INSTRUMENTATION_STATUS_CODE: 1
INSTRUMENTATION_STATUS: class=dev.photohouse.connected.ConnectedUiTest
INSTRUMENTATION_STATUS: current=2
INSTRUMENTATION_STATUS: id=AndroidJUnitRunner
INSTRUMENTATION_STATUS: numtests=22
INSTRUMENTATION_STATUS: stream=.
INSTRUMENTATION_STATUS: test=photoFitFillFullscreenAndSlideshowPreservePageAndClearOnBackground
INSTRUMENTATION_STATUS_CODE: 0
INSTRUMENTATION_STATUS: class=dev.photohouse.connected.ConnectedUiTest
INSTRUMENTATION_STATUS: current=3
INSTRUMENTATION_STATUS: id=AndroidJUnitRunner
INSTRUMENTATION_STATUS: numtests=22
INSTRUMENTATION_STATUS: stream=
INSTRUMENTATION_STATUS: test=syntheticLoginBrowsingAndLiteralCaptionComponents
INSTRUMENTATION_STATUS_CODE: 1
INSTRUMENTATION_STATUS: class=dev.photohouse.connected.ConnectedUiTest
INSTRUMENTATION_STATUS: current=3
INSTRUMENTATION_STATUS: id=AndroidJUnitRunner
INSTRUMENTATION_STATUS: numtests=22
INSTRUMENTATION_STATUS: stream=.
INSTRUMENTATION_STATUS: test=syntheticLoginBrowsingAndLiteralCaptionComponents
INSTRUMENTATION_STATUS_CODE: 0
INSTRUMENTATION_STATUS: class=dev.photohouse.connected.ConnectedUiTest
INSTRUMENTATION_STATUS: current=4
INSTRUMENTATION_STATUS: id=AndroidJUnitRunner
INSTRUMENTATION_STATUS: numtests=22
INSTRUMENTATION_STATUS: stream=
INSTRUMENTATION_STATUS: test=syntheticInvitedRegistrationRequiresAllInputs
INSTRUMENTATION_STATUS_CODE: 1
INSTRUMENTATION_STATUS: class=dev.photohouse.connected.ConnectedUiTest
INSTRUMENTATION_STATUS: current=4
INSTRUMENTATION_STATUS: id=AndroidJUnitRunner
INSTRUMENTATION_STATUS: numtests=22
INSTRUMENTATION_STATUS: stream=.
INSTRUMENTATION_STATUS: test=syntheticInvitedRegistrationRequiresAllInputs
INSTRUMENTATION_STATUS_CODE: 0
INSTRUMENTATION_STATUS: class=dev.photohouse.connected.ConnectedUiTest
INSTRUMENTATION_STATUS: current=5
INSTRUMENTATION_STATUS: id=AndroidJUnitRunner
INSTRUMENTATION_STATUS: numtests=22
INSTRUMENTATION_STATUS: stream=
INSTRUMENTATION_STATUS: test=discoveryInvalidDatesAndStaleBindingRequireExplicitReapply
INSTRUMENTATION_STATUS_CODE: 1
INSTRUMENTATION_STATUS: class=dev.photohouse.connected.ConnectedUiTest
INSTRUMENTATION_STATUS: current=5
INSTRUMENTATION_STATUS: id=AndroidJUnitRunner
INSTRUMENTATION_STATUS: numtests=22
INSTRUMENTATION_STATUS: stream=.
INSTRUMENTATION_STATUS: test=discoveryInvalidDatesAndStaleBindingRequireExplicitReapply
INSTRUMENTATION_STATUS_CODE: 0
INSTRUMENTATION_STATUS: class=dev.photohouse.connected.ConnectedUiTest
INSTRUMENTATION_STATUS: current=6
INSTRUMENTATION_STATUS: id=AndroidJUnitRunner
INSTRUMENTATION_STATUS: numtests=22
INSTRUMENTATION_STATUS: stream=
INSTRUMENTATION_STATUS: test=pageJumpRejectsInvalidInputAndClearsOnPrivateLifecycleBoundary
INSTRUMENTATION_STATUS_CODE: 1
INSTRUMENTATION_STATUS: class=dev.photohouse.connected.ConnectedUiTest
INSTRUMENTATION_STATUS: current=6
INSTRUMENTATION_STATUS: id=AndroidJUnitRunner
INSTRUMENTATION_STATUS: numtests=22
INSTRUMENTATION_STATUS: stream=.
INSTRUMENTATION_STATUS: test=pageJumpRejectsInvalidInputAndClearsOnPrivateLifecycleBoundary
INSTRUMENTATION_STATUS_CODE: 0
INSTRUMENTATION_STATUS: class=dev.photohouse.connected.ConnectedUiTest
INSTRUMENTATION_STATUS: current=7
INSTRUMENTATION_STATUS: id=AndroidJUnitRunner
INSTRUMENTATION_STATUS: numtests=22
INSTRUMENTATION_STATUS: stream=
INSTRUMENTATION_STATUS: test=longVideoStartsWithoutFullDownloadAndSeeksPastOneMinute
INSTRUMENTATION_STATUS_CODE: 1
INSTRUMENTATION_STATUS: class=dev.photohouse.connected.ConnectedUiTest
INSTRUMENTATION_STATUS: current=7
INSTRUMENTATION_STATUS: id=AndroidJUnitRunner
INSTRUMENTATION_STATUS: numtests=22
INSTRUMENTATION_STATUS: stream=.
INSTRUMENTATION_STATUS: test=longVideoStartsWithoutFullDownloadAndSeeksPastOneMinute
INSTRUMENTATION_STATUS_CODE: 0
INSTRUMENTATION_STATUS: class=dev.photohouse.connected.ConnectedUiTest
INSTRUMENTATION_STATUS: current=8
INSTRUMENTATION_STATUS: id=AndroidJUnitRunner
INSTRUMENTATION_STATUS: numtests=22
INSTRUMENTATION_STATUS: stream=
INSTRUMENTATION_STATUS: test=originalViewerZoomCloseAndPrivacyUseSyntheticImageBytes
INSTRUMENTATION_STATUS_CODE: 1
INSTRUMENTATION_STATUS: class=dev.photohouse.connected.ConnectedUiTest
INSTRUMENTATION_STATUS: current=8
INSTRUMENTATION_STATUS: id=AndroidJUnitRunner
INSTRUMENTATION_STATUS: numtests=22
INSTRUMENTATION_STATUS: stream=.
INSTRUMENTATION_STATUS: test=originalViewerZoomCloseAndPrivacyUseSyntheticImageBytes
INSTRUMENTATION_STATUS_CODE: 0
INSTRUMENTATION_STATUS: class=dev.photohouse.connected.ConnectedUiTest
INSTRUMENTATION_STATUS: current=9
INSTRUMENTATION_STATUS: id=AndroidJUnitRunner
INSTRUMENTATION_STATUS: numtests=22
INSTRUMENTATION_STATUS: stream=
INSTRUMENTATION_STATUS: test=corruptVideoExitsPlayerWithoutRetryOrPrivateResidue
INSTRUMENTATION_STATUS_CODE: 1
INSTRUMENTATION_STATUS: class=dev.photohouse.connected.ConnectedUiTest
INSTRUMENTATION_STATUS: current=9
INSTRUMENTATION_STATUS: id=AndroidJUnitRunner
INSTRUMENTATION_STATUS: numtests=22
INSTRUMENTATION_STATUS: stream=.
INSTRUMENTATION_STATUS: test=corruptVideoExitsPlayerWithoutRetryOrPrivateResidue
INSTRUMENTATION_STATUS_CODE: 0
INSTRUMENTATION_STATUS: class=dev.photohouse.connected.ConnectedUiTest
INSTRUMENTATION_STATUS: current=10
INSTRUMENTATION_STATUS: id=AndroidJUnitRunner
INSTRUMENTATION_STATUS: numtests=22
INSTRUMENTATION_STATUS: stream=
INSTRUMENTATION_STATUS: test=unconfiguredAppDisablesAdmissionAndKeepsSecureWindow
INSTRUMENTATION_STATUS_CODE: 1
INSTRUMENTATION_STATUS: class=dev.photohouse.connected.ConnectedUiTest
INSTRUMENTATION_STATUS: current=10
INSTRUMENTATION_STATUS: id=AndroidJUnitRunner
INSTRUMENTATION_STATUS: numtests=22
INSTRUMENTATION_STATUS: stream=.
INSTRUMENTATION_STATUS: test=unconfiguredAppDisablesAdmissionAndKeepsSecureWindow
INSTRUMENTATION_STATUS_CODE: 0
INSTRUMENTATION_STATUS: class=dev.photohouse.connected.ConnectedUiTest
INSTRUMENTATION_STATUS: current=11
INSTRUMENTATION_STATUS: id=AndroidJUnitRunner
INSTRUMENTATION_STATUS: numtests=22
INSTRUMENTATION_STATUS: stream=
INSTRUMENTATION_STATUS: test=nativeVideoPlaysPausesSeeksAndClosesInBothLanguages
INSTRUMENTATION_STATUS_CODE: 1
INSTRUMENTATION_STATUS: class=dev.photohouse.connected.ConnectedUiTest
INSTRUMENTATION_STATUS: current=11
INSTRUMENTATION_STATUS: id=AndroidJUnitRunner
INSTRUMENTATION_STATUS: numtests=22
INSTRUMENTATION_STATUS: stream=.
INSTRUMENTATION_STATUS: test=nativeVideoPlaysPausesSeeksAndClosesInBothLanguages
INSTRUMENTATION_STATUS_CODE: 0
INSTRUMENTATION_STATUS: class=dev.photohouse.connected.ConnectedUiTest
INSTRUMENTATION_STATUS: current=12
INSTRUMENTATION_STATUS: id=AndroidJUnitRunner
INSTRUMENTATION_STATUS: numtests=22
INSTRUMENTATION_STATUS: stream=
INSTRUMENTATION_STATUS: test=discoverySelectionPagingMediaReturnAndBilingualLayout
INSTRUMENTATION_STATUS_CODE: 1
INSTRUMENTATION_STATUS: class=dev.photohouse.connected.ConnectedUiTest
INSTRUMENTATION_STATUS: current=12
INSTRUMENTATION_STATUS: id=AndroidJUnitRunner
INSTRUMENTATION_STATUS: numtests=22
INSTRUMENTATION_STATUS: stream=.
INSTRUMENTATION_STATUS: test=discoverySelectionPagingMediaReturnAndBilingualLayout
INSTRUMENTATION_STATUS_CODE: 0
INSTRUMENTATION_STATUS: class=dev.photohouse.connected.ConnectedUiTest
INSTRUMENTATION_STATUS: current=13
INSTRUMENTATION_STATUS: id=AndroidJUnitRunner
INSTRUMENTATION_STATUS: numtests=22
INSTRUMENTATION_STATUS: stream=
INSTRUMENTATION_STATUS: test=nativeVideoFitFillAndFullscreenKeepTheSameReaderAndRestoreControls
INSTRUMENTATION_STATUS_CODE: 1
INSTRUMENTATION_STATUS: class=dev.photohouse.connected.ConnectedUiTest
INSTRUMENTATION_STATUS: current=13
INSTRUMENTATION_STATUS: id=AndroidJUnitRunner
INSTRUMENTATION_STATUS: numtests=22
INSTRUMENTATION_STATUS: stream=.
INSTRUMENTATION_STATUS: test=nativeVideoFitFillAndFullscreenKeepTheSameReaderAndRestoreControls
INSTRUMENTATION_STATUS_CODE: 0
INSTRUMENTATION_STATUS: class=dev.photohouse.connected.ConnectedUiTest
INSTRUMENTATION_STATUS: current=14
INSTRUMENTATION_STATUS: id=AndroidJUnitRunner
INSTRUMENTATION_STATUS: numtests=22
INSTRUMENTATION_STATUS: stream=
INSTRUMENTATION_STATUS: test=undecodablePhotoStopsSlideshowWithoutAdvancingOrKeepingScreenAwake
INSTRUMENTATION_STATUS_CODE: 1
INSTRUMENTATION_STATUS: class=dev.photohouse.connected.ConnectedUiTest
INSTRUMENTATION_STATUS: current=14
INSTRUMENTATION_STATUS: id=AndroidJUnitRunner
INSTRUMENTATION_STATUS: numtests=22
INSTRUMENTATION_STATUS: stream=.
INSTRUMENTATION_STATUS: test=undecodablePhotoStopsSlideshowWithoutAdvancingOrKeepingScreenAwake
INSTRUMENTATION_STATUS_CODE: 0
INSTRUMENTATION_STATUS: class=dev.photohouse.connected.ConnectedUiTest
INSTRUMENTATION_STATUS: current=15
INSTRUMENTATION_STATUS: id=AndroidJUnitRunner
INSTRUMENTATION_STATUS: numtests=22
INSTRUMENTATION_STATUS: stream=
INSTRUMENTATION_STATUS: test=photoLedGalleryDetailAndSettingsRemainReachableInBothLanguages
INSTRUMENTATION_STATUS_CODE: 1
INSTRUMENTATION_STATUS: class=dev.photohouse.connected.ConnectedUiTest
INSTRUMENTATION_STATUS: current=15
INSTRUMENTATION_STATUS: id=AndroidJUnitRunner
INSTRUMENTATION_STATUS: numtests=22
INSTRUMENTATION_STATUS: stream=.
INSTRUMENTATION_STATUS: test=photoLedGalleryDetailAndSettingsRemainReachableInBothLanguages
INSTRUMENTATION_STATUS_CODE: 0
INSTRUMENTATION_STATUS: class=dev.photohouse.connected.ConnectedUiTest
INSTRUMENTATION_STATUS: current=16
INSTRUMENTATION_STATUS: id=AndroidJUnitRunner
INSTRUMENTATION_STATUS: numtests=22
INSTRUMENTATION_STATUS: stream=
INSTRUMENTATION_STATUS: test=originalDecoderRejectsCorruptionBoundsPixelsAndHandlesAllExifOrientations
INSTRUMENTATION_STATUS_CODE: 1
INSTRUMENTATION_STATUS: class=dev.photohouse.connected.ConnectedUiTest
INSTRUMENTATION_STATUS: current=16
INSTRUMENTATION_STATUS: id=AndroidJUnitRunner
INSTRUMENTATION_STATUS: numtests=22
INSTRUMENTATION_STATUS: stream=.
INSTRUMENTATION_STATUS: test=originalDecoderRejectsCorruptionBoundsPixelsAndHandlesAllExifOrientations
INSTRUMENTATION_STATUS_CODE: 0
INSTRUMENTATION_STATUS: class=dev.photohouse.connected.ConnectedUiTest
INSTRUMENTATION_STATUS: current=17
INSTRUMENTATION_STATUS: id=AndroidJUnitRunner
INSTRUMENTATION_STATUS: numtests=22
INSTRUMENTATION_STATUS: stream=
INSTRUMENTATION_STATUS: test=photoNavigationReturnsToSelectedPageAndSupportsBothLanguages
INSTRUMENTATION_STATUS_CODE: 1
INSTRUMENTATION_STATUS: class=dev.photohouse.connected.ConnectedUiTest
INSTRUMENTATION_STATUS: current=17
INSTRUMENTATION_STATUS: id=AndroidJUnitRunner
INSTRUMENTATION_STATUS: numtests=22
INSTRUMENTATION_STATUS: stream=.
INSTRUMENTATION_STATUS: test=photoNavigationReturnsToSelectedPageAndSupportsBothLanguages
INSTRUMENTATION_STATUS_CODE: 0
INSTRUMENTATION_STATUS: class=dev.photohouse.connected.ConnectedUiTest
INSTRUMENTATION_STATUS: current=18
INSTRUMENTATION_STATUS: id=AndroidJUnitRunner
INSTRUMENTATION_STATUS: numtests=22
INSTRUMENTATION_STATUS: stream=
INSTRUMENTATION_STATUS: test=galleryTapOpensPhotoAndDetailsActionKeepsMetadataReachable
INSTRUMENTATION_STATUS_CODE: 1
INSTRUMENTATION_STATUS: class=dev.photohouse.connected.ConnectedUiTest
INSTRUMENTATION_STATUS: current=18
INSTRUMENTATION_STATUS: id=AndroidJUnitRunner
INSTRUMENTATION_STATUS: numtests=22
INSTRUMENTATION_STATUS: stream=.
INSTRUMENTATION_STATUS: test=galleryTapOpensPhotoAndDetailsActionKeepsMetadataReachable
INSTRUMENTATION_STATUS_CODE: 0
INSTRUMENTATION_STATUS: class=dev.photohouse.connected.HomePhoneTest
INSTRUMENTATION_STATUS: current=19
INSTRUMENTATION_STATUS: id=AndroidJUnitRunner
INSTRUMENTATION_STATUS: numtests=22
INSTRUMENTATION_STATUS: stream=
dev.photohouse.connected.HomePhoneTest:
INSTRUMENTATION_STATUS: test=deniedHomeStaysHomeAndClearsMediaWithoutOpeningAccount
INSTRUMENTATION_STATUS_CODE: 1
INSTRUMENTATION_STATUS: class=dev.photohouse.connected.HomePhoneTest
INSTRUMENTATION_STATUS: current=19
INSTRUMENTATION_STATUS: id=AndroidJUnitRunner
INSTRUMENTATION_STATUS: numtests=22
INSTRUMENTATION_STATUS: stream=.
INSTRUMENTATION_STATUS: test=deniedHomeStaysHomeAndClearsMediaWithoutOpeningAccount
INSTRUMENTATION_STATUS_CODE: 0
INSTRUMENTATION_STATUS: class=dev.photohouse.connected.HomePhoneTest
INSTRUMENTATION_STATUS: current=20
INSTRUMENTATION_STATUS: id=AndroidJUnitRunner
INSTRUMENTATION_STATUS: numtests=22
INSTRUMENTATION_STATUS: stream=
INSTRUMENTATION_STATUS: test=videoStreamsSeeksAndFailureStaysVisibleUntilRetry
INSTRUMENTATION_STATUS_CODE: 1
INSTRUMENTATION_STATUS: class=dev.photohouse.connected.HomePhoneTest
INSTRUMENTATION_STATUS: current=20
INSTRUMENTATION_STATUS: id=AndroidJUnitRunner
INSTRUMENTATION_STATUS: numtests=22
INSTRUMENTATION_STATUS: stream=.
INSTRUMENTATION_STATUS: test=videoStreamsSeeksAndFailureStaysVisibleUntilRetry
INSTRUMENTATION_STATUS_CODE: 0
INSTRUMENTATION_STATUS: class=dev.photohouse.connected.HomePhoneTest
INSTRUMENTATION_STATUS: current=21
INSTRUMENTATION_STATUS: id=AndroidJUnitRunner
INSTRUMENTATION_STATUS: numtests=22
INSTRUMENTATION_STATUS: stream=
INSTRUMENTATION_STATUS: test=homeFiltersPagingPhotoAndOriginalKeepTouchControlsAndCaptions
INSTRUMENTATION_STATUS_CODE: 1
INSTRUMENTATION_STATUS: class=dev.photohouse.connected.HomePhoneTest
INSTRUMENTATION_STATUS: current=21
INSTRUMENTATION_STATUS: id=AndroidJUnitRunner
INSTRUMENTATION_STATUS: numtests=22
INSTRUMENTATION_STATUS: stream=.
INSTRUMENTATION_STATUS: test=homeFiltersPagingPhotoAndOriginalKeepTouchControlsAndCaptions
INSTRUMENTATION_STATUS_CODE: 0
INSTRUMENTATION_STATUS: class=dev.photohouse.connected.OnDemandPhotoTest
INSTRUMENTATION_STATUS: current=22
INSTRUMENTATION_STATUS: id=AndroidJUnitRunner
INSTRUMENTATION_STATUS: numtests=22
INSTRUMENTATION_STATUS: stream=
dev.photohouse.connected.OnDemandPhotoTest:
INSTRUMENTATION_STATUS: test=optimizedPhotoOffersExplicitOriginalUpgradeInBothLanguages
INSTRUMENTATION_STATUS_CODE: 1
INSTRUMENTATION_STATUS: class=dev.photohouse.connected.OnDemandPhotoTest
INSTRUMENTATION_STATUS: current=22
INSTRUMENTATION_STATUS: id=AndroidJUnitRunner
INSTRUMENTATION_STATUS: numtests=22
INSTRUMENTATION_STATUS: stream=.
INSTRUMENTATION_STATUS: test=optimizedPhotoOffersExplicitOriginalUpgradeInBothLanguages
INSTRUMENTATION_STATUS_CODE: 0
INSTRUMENTATION_RESULT: stream=

Time: 324.735
There was 1 failure:
1) explicitHomeAndSignInRoutesReturnToChooser(dev.photohouse.connected.AccessModeTest)
java.lang.AssertionError: Action performScrollTo() failed.
Reason: Expected exactly '1' node but could not find any node that satisfies: (TestTag = 'access-account')

	at androidx.compose.ui.test.SemanticsNodeInteraction.fetchOneOrDie(SemanticsNodeInteraction.kt:178)
	at androidx.compose.ui.test.SemanticsNodeInteraction.fetchOneOrDie$default(SemanticsNodeInteraction.kt:150)
	at androidx.compose.ui.test.SemanticsNodeInteraction.fetchSemanticsNode(SemanticsNodeInteraction.kt:84)
	at androidx.compose.ui.test.ActionsKt.performScrollTo(Actions.kt:72)
	at dev.photohouse.connected.AccessModeTest.explicitHomeAndSignInRoutesReturnToChooser(AccessModeTest.kt:22)

FAILURES!!!
Tests run: 22,  Failures: 1


INSTRUMENTATION_CODE: -1
