PASS frozen contract: 12 operations, 38 ASGI cases, 8 checksummed files
PASS wrapper SHA-256, no permissions/transport/storage/player, lifecycle/backup source guards
PASS connected app system TLS trust, no fixture dependencies, no credential/media persistence or logging
openjdk version "17.0.20.1" 2026-08-18
OpenJDK Runtime Environment Temurin-17.0.20.1+1 (build 17.0.20.1+1)
OpenJDK 64-Bit Server VM Temurin-17.0.20.1+1 (build 17.0.20.1+1, mixed mode, sharing)

------------------------------------------------------------
Gradle 8.10.2
------------------------------------------------------------

Build time:    2024-09-23 21:28:39 UTC
Revision:      415adb9e06a516c44b391edff552fd42139443f7

Kotlin:        1.9.24
Groovy:        3.0.22
Ant:           Apache Ant(TM) version 1.10.14 compiled on August 16 2023
Launcher JVM:  17.0.20.1 (Eclipse Adoptium 17.0.20.1+1)
Daemon JVM:    /Library/Java/JavaVirtualMachines/temurin-17.jdk/Contents/Home (no JDK specified, using current Java home)
OS:            Mac OS X 26.6.2 aarch64

> Task :core:checkKotlinGradlePluginConfigurationErrors
> Task :protocol:checkKotlinGradlePluginConfigurationErrors
> Task :protocol:compileKotlin UP-TO-DATE
> Task :protocol:compileJava NO-SOURCE
> Task :core:compileKotlin UP-TO-DATE
> Task :core:compileJava NO-SOURCE
> Task :core:processResources NO-SOURCE
> Task :core:classes UP-TO-DATE
> Task :core:jar UP-TO-DATE
> Task :core:compileTestKotlin UP-TO-DATE
> Task :core:compileTestJava NO-SOURCE
> Task :core:processTestResources UP-TO-DATE
> Task :core:testClasses UP-TO-DATE
> Task :protocol:processResources NO-SOURCE
> Task :protocol:classes UP-TO-DATE
> Task :protocol:jar UP-TO-DATE
> Task :core:test UP-TO-DATE
> Task :live-core:checkKotlinGradlePluginConfigurationErrors
> Task :live-core:processResources NO-SOURCE
> Task :live-core:processTestResources UP-TO-DATE
> Task :app:checkKotlinGradlePluginConfigurationErrors
> Task :app:preBuild UP-TO-DATE
> Task :app:preDebugBuild UP-TO-DATE
> Task :app:checkDebugAarMetadata UP-TO-DATE
> Task :app:generateDebugResValues UP-TO-DATE
> Task :app:mapDebugSourceSetPaths UP-TO-DATE
> Task :app:generateDebugResources UP-TO-DATE
> Task :app:mergeDebugResources UP-TO-DATE
> Task :app:packageDebugResources UP-TO-DATE
> Task :app:parseDebugLocalResources UP-TO-DATE
> Task :app:createDebugCompatibleScreenManifests UP-TO-DATE
> Task :app:extractDeepLinksDebug UP-TO-DATE
> Task :app:processDebugMainManifest UP-TO-DATE
> Task :app:processDebugManifest UP-TO-DATE
> Task :app:processDebugManifestForPackage UP-TO-DATE
> Task :app:processDebugResources UP-TO-DATE
> Task :app:compileDebugKotlin UP-TO-DATE
> Task :app:javaPreCompileDebug UP-TO-DATE
> Task :app:compileDebugJavaWithJavac NO-SOURCE
> Task :app:bundleDebugClassesToCompileJar UP-TO-DATE
> Task :app:preDebugAndroidTestBuild SKIPPED
> Task :app:generateDebugAndroidTestResValues UP-TO-DATE
> Task :app:generateDebugAndroidTestLintModel UP-TO-DATE
> Task :app:extractProguardFiles UP-TO-DATE
> Task :app:generateDebugLintReportModel UP-TO-DATE
> Task :app:preDebugUnitTestBuild UP-TO-DATE
> Task :app:generateDebugUnitTestLintModel UP-TO-DATE
> Task :app:lintAnalyzeDebug UP-TO-DATE
> Task :app:lintAnalyzeDebugAndroidTest UP-TO-DATE
> Task :app:lintAnalyzeDebugUnitTest UP-TO-DATE
> Task :app:lintReportDebug UP-TO-DATE
> Task :app:lintDebug
> Task :app:mergeDebugNativeDebugMetadata NO-SOURCE
> Task :app:mergeDebugShaders UP-TO-DATE
> Task :app:compileDebugShaders NO-SOURCE
> Task :app:generateDebugAssets UP-TO-DATE
> Task :app:mergeDebugAssets UP-TO-DATE
> Task :app:compressDebugAssets UP-TO-DATE
> Task :app:desugarDebugFileDependencies UP-TO-DATE
> Task :app:dexBuilderDebug UP-TO-DATE
> Task :app:mergeDebugGlobalSynthetics UP-TO-DATE
> Task :app:processDebugJavaRes UP-TO-DATE
> Task :app:mergeDebugJavaResource UP-TO-DATE
> Task :app:checkDebugDuplicateClasses UP-TO-DATE
> Task :app:mergeDebugStartupProfile UP-TO-DATE
> Task :app:mergeExtDexDebug UP-TO-DATE
> Task :app:mergeLibDexDebug UP-TO-DATE
> Task :app:mergeProjectDexDebug UP-TO-DATE
> Task :app:mergeDebugJniLibFolders UP-TO-DATE
> Task :app:mergeDebugNativeLibs NO-SOURCE
> Task :app:stripDebugDebugSymbols NO-SOURCE
> Task :app:validateSigningDebug UP-TO-DATE
> Task :app:writeDebugAppMetadata UP-TO-DATE
> Task :app:writeDebugSigningConfigVersions UP-TO-DATE
> Task :app:packageDebug UP-TO-DATE
> Task :app:createDebugApkListingFileRedirect UP-TO-DATE
> Task :app:assembleDebug UP-TO-DATE
> Task :connected:checkKotlinGradlePluginConfigurationErrors
> Task :connected:preBuild UP-TO-DATE
> Task :connected:preDebugBuild UP-TO-DATE
> Task :connected:generateDebugBuildConfig UP-TO-DATE
> Task :connected:checkDebugAarMetadata UP-TO-DATE
> Task :connected:generateDebugResValues UP-TO-DATE
> Task :connected:mapDebugSourceSetPaths UP-TO-DATE
> Task :connected:generateDebugResources UP-TO-DATE
> Task :connected:mergeDebugResources UP-TO-DATE
> Task :connected:packageDebugResources UP-TO-DATE
> Task :connected:parseDebugLocalResources UP-TO-DATE
> Task :connected:createDebugCompatibleScreenManifests UP-TO-DATE
> Task :connected:extractDeepLinksDebug UP-TO-DATE
> Task :connected:processDebugMainManifest UP-TO-DATE
> Task :connected:processDebugManifest UP-TO-DATE
> Task :connected:processDebugManifestForPackage UP-TO-DATE
> Task :connected:processDebugResources UP-TO-DATE
> Task :connected:javaPreCompileDebug UP-TO-DATE
> Task :connected:preDebugAndroidTestBuild SKIPPED
> Task :connected:generateDebugAndroidTestResValues UP-TO-DATE
> Task :connected:extractProguardFiles UP-TO-DATE
> Task :connected:preDebugUnitTestBuild UP-TO-DATE
> Task :connected:mergeDebugNativeDebugMetadata NO-SOURCE
> Task :connected:mergeDebugShaders UP-TO-DATE
> Task :connected:compileDebugShaders NO-SOURCE
> Task :connected:generateDebugAssets UP-TO-DATE
> Task :connected:mergeDebugAssets UP-TO-DATE
> Task :connected:compressDebugAssets UP-TO-DATE
> Task :connected:desugarDebugFileDependencies UP-TO-DATE
> Task :connected:checkDebugDuplicateClasses UP-TO-DATE
> Task :connected:mergeDebugStartupProfile UP-TO-DATE
> Task :connected:mergeExtDexDebug UP-TO-DATE
> Task :connected:mergeDebugJniLibFolders UP-TO-DATE
> Task :connected:validateSigningDebug UP-TO-DATE
> Task :connected:writeDebugAppMetadata UP-TO-DATE
> Task :connected:writeDebugSigningConfigVersions UP-TO-DATE
> Task :connected:processDebugAndroidTestManifest UP-TO-DATE
> Task :connected:generateDebugAndroidTestBuildConfig UP-TO-DATE
> Task :connected:checkDebugAndroidTestAarMetadata UP-TO-DATE
> Task :connected:mapDebugAndroidTestSourceSetPaths UP-TO-DATE
> Task :connected:generateDebugAndroidTestResources UP-TO-DATE
> Task :connected:mergeDebugAndroidTestResources UP-TO-DATE
> Task :connected:processDebugAndroidTestResources UP-TO-DATE
> Task :connected:javaPreCompileDebugAndroidTest UP-TO-DATE
> Task :connected:mergeDebugAndroidTestShaders UP-TO-DATE
> Task :connected:compileDebugAndroidTestShaders NO-SOURCE
> Task :connected:generateDebugAndroidTestAssets UP-TO-DATE
> Task :connected:mergeDebugAndroidTestAssets UP-TO-DATE
> Task :connected:compressDebugAndroidTestAssets UP-TO-DATE
> Task :connected:desugarDebugAndroidTestFileDependencies UP-TO-DATE
> Task :connected:checkDebugAndroidTestDuplicateClasses UP-TO-DATE
> Task :connected:mergeExtDexDebugAndroidTest UP-TO-DATE
> Task :connected:mergeDebugAndroidTestJniLibFolders UP-TO-DATE
> Task :connected:validateSigningDebugAndroidTest UP-TO-DATE
> Task :connected:writeDebugAndroidTestSigningConfigVersions UP-TO-DATE
> Task :live-core:compileKotlin
> Task :live-core:compileJava NO-SOURCE
> Task :live-core:classes UP-TO-DATE
> Task :live-core:jar
> Task :live-core:compileTestKotlin UP-TO-DATE
> Task :live-core:compileTestJava NO-SOURCE
> Task :live-core:testClasses UP-TO-DATE
> Task :live-core:test
> Task :connected:compileDebugKotlin UP-TO-DATE
> Task :connected:compileDebugJavaWithJavac UP-TO-DATE
> Task :connected:bundleDebugClassesToCompileJar UP-TO-DATE
> Task :connected:generateDebugAndroidTestLintModel
> Task :connected:generateDebugLintReportModel
> Task :connected:generateDebugUnitTestLintModel
> Task :connected:lintAnalyzeDebugAndroidTest
> Task :connected:lintAnalyzeDebugUnitTest
> Task :connected:dexBuilderDebug UP-TO-DATE
> Task :connected:mergeDebugGlobalSynthetics UP-TO-DATE
> Task :connected:processDebugJavaRes UP-TO-DATE
> Task :connected:mergeDebugJavaResource
> Task :connected:mergeLibDexDebug
> Task :connected:mergeProjectDexDebug UP-TO-DATE
> Task :connected:mergeDebugNativeLibs NO-SOURCE
> Task :connected:stripDebugDebugSymbols NO-SOURCE
> Task :connected:packageDebug
> Task :connected:createDebugApkListingFileRedirect UP-TO-DATE
> Task :connected:assembleDebug
> Task :connected:compileDebugAndroidTestKotlin UP-TO-DATE
> Task :connected:compileDebugAndroidTestJavaWithJavac UP-TO-DATE
> Task :connected:dexBuilderDebugAndroidTest UP-TO-DATE
> Task :connected:mergeDebugAndroidTestGlobalSynthetics UP-TO-DATE
> Task :connected:processDebugAndroidTestJavaRes UP-TO-DATE
> Task :connected:mergeDebugAndroidTestJavaResource UP-TO-DATE
> Task :connected:mergeLibDexDebugAndroidTest UP-TO-DATE
> Task :connected:mergeProjectDexDebugAndroidTest UP-TO-DATE
> Task :connected:mergeDebugAndroidTestNativeLibs NO-SOURCE
> Task :connected:stripDebugAndroidTestDebugSymbols NO-SOURCE
> Task :connected:packageDebugAndroidTest UP-TO-DATE
> Task :connected:createDebugAndroidTestApkListingFileRedirect UP-TO-DATE
> Task :connected:assembleDebugAndroidTest UP-TO-DATE
> Task :connected:lintAnalyzeDebug
> Task :connected:lintReportDebug UP-TO-DATE
> Task :connected:lintDebug

BUILD SUCCESSFUL in 22s
136 actionable tasks: 19 executed, 117 up-to-date
PASS APK bundles the shared contract and media byte-for-byte
APK SHA-256: 2e757622d7bb70fd0419f9701ba9dcd6bdf28713ec127c18ca3b735be959471f
JVM dev.photohouse.fixture.core.FixtureTest: 22 tests, 0 failures, 0 errors
JVM dev.photohouse.connected.core.ConnectedStoreTest: 14 tests, 0 failures, 0 errors
JVM dev.photohouse.connected.core.HttpsApiTest: 13 tests, 0 failures, 0 errors
Connected APK SHA-256: 9c64d786095773aec870c2f6aa95e482a4957dfe4a18710e031c05156274719c
PASS APK has no Internet, storage, camera or microphone permissions; only AndroidX app-internal signature permission
PASS connected APK has only Internet and AndroidX app-internal permission; no fixture assets
