To honour the JVM settings for this build a single-use Daemon process will be forked. For more on this, please refer to https://docs.gradle.org/8.10.2/userguide/gradle_daemon.html#sec:disabling_the_daemon in the Gradle documentation.
Daemon will be stopped at the end of the build
> Task :core:checkKotlinGradlePluginConfigurationErrors
> Task :protocol:checkKotlinGradlePluginConfigurationErrors
> Task :protocol:compileKotlin UP-TO-DATE
> Task :protocol:compileJava NO-SOURCE
> Task :core:processResources NO-SOURCE
> Task :core:processTestResources
> Task :protocol:processResources NO-SOURCE
> Task :protocol:classes UP-TO-DATE
> Task :protocol:jar UP-TO-DATE
> Task :live-core:checkKotlinGradlePluginConfigurationErrors
> Task :live-core:compileKotlin UP-TO-DATE
> Task :live-core:compileJava NO-SOURCE
> Task :live-core:processResources NO-SOURCE
> Task :live-core:classes UP-TO-DATE
> Task :live-core:jar UP-TO-DATE
> Task :live-core:compileTestKotlin UP-TO-DATE
> Task :live-core:compileTestJava NO-SOURCE
> Task :live-core:processTestResources UP-TO-DATE
> Task :live-core:testClasses UP-TO-DATE
> Task :live-core:test
> Task :connected:preBuild UP-TO-DATE
> Task :connected:preDebugBuild UP-TO-DATE
> Task :connected:mergeDebugNativeDebugMetadata NO-SOURCE
> Task :connected:checkKotlinGradlePluginConfigurationErrors
> Task :connected:generateDebugBuildConfig
> Task :connected:checkDebugAarMetadata
> Task :connected:generateDebugResValues
> Task :connected:mapDebugSourceSetPaths
> Task :connected:generateDebugResources
> Task :connected:mergeDebugResources
> Task :connected:packageDebugResources
> Task :connected:parseDebugLocalResources
> Task :connected:createDebugCompatibleScreenManifests
> Task :connected:extractDeepLinksDebug
> Task :connected:processDebugMainManifest
> Task :core:compileKotlin
> Task :connected:processDebugManifest
> Task :connected:processDebugManifestForPackage
> Task :connected:processDebugResources
> Task :core:compileJava NO-SOURCE
> Task :core:classes UP-TO-DATE
> Task :core:compileTestKotlin
> Task :core:compileTestJava NO-SOURCE
> Task :core:testClasses
> Task :core:test
> Task :connected:javaPreCompileDebug
> Task :connected:mergeDebugShaders
> Task :connected:compileDebugShaders NO-SOURCE
> Task :connected:generateDebugAssets UP-TO-DATE
> Task :connected:mergeDebugAssets
> Task :connected:compressDebugAssets
> Task :connected:desugarDebugFileDependencies
> Task :connected:checkDebugDuplicateClasses
> Task :connected:mergeDebugStartupProfile
> Task :connected:compileDebugKotlin
> Task :connected:compileDebugJavaWithJavac
> Task :connected:mergeExtDexDebug
> Task :connected:dexBuilderDebug
> Task :connected:mergeDebugGlobalSynthetics
> Task :connected:processDebugJavaRes
> Task :connected:mergeLibDexDebug
> Task :connected:mergeProjectDexDebug
> Task :connected:mergeDebugJniLibFolders
> Task :connected:mergeDebugNativeLibs NO-SOURCE
> Task :connected:stripDebugDebugSymbols NO-SOURCE
> Task :connected:validateSigningDebug
> Task :connected:writeDebugAppMetadata
> Task :connected:writeDebugSigningConfigVersions
> Task :connected:bundleDebugClassesToCompileJar
> Task :connected:preDebugAndroidTestBuild SKIPPED
> Task :connected:generateDebugAndroidTestResValues
> Task :connected:generateDebugAndroidTestLintModel
> Task :connected:extractProguardFiles
> Task :connected:mergeDebugJavaResource
> Task :connected:generateDebugLintReportModel
> Task :connected:preDebugUnitTestBuild UP-TO-DATE
> Task :connected:generateDebugUnitTestLintModel
> Task :connected:packageDebug
> Task :connected:createDebugApkListingFileRedirect
> Task :connected:assembleDebug
> Task :connected:lintAnalyzeDebugAndroidTest
> Task :connected:lintAnalyzeDebug
> Task :connected:lintAnalyzeDebugUnitTest
> Task :tv:preBuild UP-TO-DATE
> Task :tv:preDebugBuild UP-TO-DATE
> Task :tv:mergeDebugNativeDebugMetadata NO-SOURCE
> Task :tv:checkKotlinGradlePluginConfigurationErrors
> Task :tv:generateDebugBuildConfig UP-TO-DATE
> Task :tv:checkDebugAarMetadata UP-TO-DATE
> Task :tv:generateDebugResValues UP-TO-DATE
> Task :tv:mapDebugSourceSetPaths UP-TO-DATE
> Task :tv:generateDebugResources UP-TO-DATE
> Task :tv:mergeDebugResources UP-TO-DATE
> Task :tv:packageDebugResources UP-TO-DATE
> Task :tv:parseDebugLocalResources UP-TO-DATE
> Task :tv:createDebugCompatibleScreenManifests UP-TO-DATE
> Task :tv:extractDeepLinksDebug UP-TO-DATE
> Task :tv:processDebugMainManifest UP-TO-DATE
> Task :tv:processDebugManifest UP-TO-DATE
> Task :tv:processDebugManifestForPackage UP-TO-DATE
> Task :tv:processDebugResources UP-TO-DATE
> Task :tv:compileDebugKotlin
> Task :tv:javaPreCompileDebug UP-TO-DATE
> Task :tv:compileDebugJavaWithJavac UP-TO-DATE
> Task :tv:mergeDebugShaders UP-TO-DATE
> Task :tv:compileDebugShaders NO-SOURCE
> Task :tv:generateDebugAssets UP-TO-DATE
> Task :tv:mergeDebugAssets UP-TO-DATE
> Task :tv:compressDebugAssets UP-TO-DATE
> Task :tv:desugarDebugFileDependencies UP-TO-DATE
> Task :tv:dexBuilderDebug
> Task :tv:mergeDebugGlobalSynthetics UP-TO-DATE
> Task :tv:processDebugJavaRes UP-TO-DATE
> Task :tv:mergeDebugJavaResource UP-TO-DATE
> Task :tv:checkDebugDuplicateClasses UP-TO-DATE
> Task :tv:mergeDebugStartupProfile UP-TO-DATE
> Task :tv:mergeExtDexDebug UP-TO-DATE
> Task :tv:mergeLibDexDebug UP-TO-DATE

> Task :connected:lintReportDebug
Wrote HTML report to file://[worktree]/android/connected/build/reports/lint-results-debug.html

> Task :connected:lintDebug
> Task :tv:mergeDebugJniLibFolders UP-TO-DATE
> Task :tv:mergeDebugNativeLibs NO-SOURCE
> Task :tv:stripDebugDebugSymbols NO-SOURCE
> Task :tv:validateSigningDebug UP-TO-DATE
> Task :tv:mergeProjectDexDebug
> Task :tv:writeDebugAppMetadata UP-TO-DATE
> Task :tv:writeDebugSigningConfigVersions UP-TO-DATE
> Task :tv:bundleDebugClassesToCompileJar
> Task :tv:preDebugAndroidTestBuild SKIPPED
> Task :tv:processDebugAndroidTestManifest UP-TO-DATE
> Task :tv:generateDebugAndroidTestBuildConfig UP-TO-DATE
> Task :tv:checkDebugAndroidTestAarMetadata UP-TO-DATE
> Task :tv:generateDebugAndroidTestResValues UP-TO-DATE
> Task :tv:mapDebugAndroidTestSourceSetPaths UP-TO-DATE
> Task :tv:generateDebugAndroidTestResources UP-TO-DATE
> Task :tv:mergeDebugAndroidTestResources UP-TO-DATE
> Task :tv:processDebugAndroidTestResources UP-TO-DATE
> Task :tv:packageDebug
> Task :tv:createDebugApkListingFileRedirect UP-TO-DATE
> Task :tv:assembleDebug
> Task :tv:javaPreCompileDebugAndroidTest UP-TO-DATE
> Task :tv:mergeDebugAndroidTestShaders UP-TO-DATE
> Task :tv:compileDebugAndroidTestShaders NO-SOURCE
> Task :tv:generateDebugAndroidTestAssets UP-TO-DATE
> Task :tv:mergeDebugAndroidTestAssets UP-TO-DATE
> Task :tv:compressDebugAndroidTestAssets UP-TO-DATE
> Task :tv:desugarDebugAndroidTestFileDependencies UP-TO-DATE
> Task :tv:checkDebugAndroidTestDuplicateClasses UP-TO-DATE
> Task :tv:mergeExtDexDebugAndroidTest UP-TO-DATE
> Task :tv:mergeLibDexDebugAndroidTest UP-TO-DATE
> Task :tv:mergeDebugAndroidTestJniLibFolders UP-TO-DATE
> Task :tv:mergeDebugAndroidTestNativeLibs NO-SOURCE
> Task :tv:stripDebugAndroidTestDebugSymbols NO-SOURCE
> Task :tv:validateSigningDebugAndroidTest UP-TO-DATE
> Task :tv:writeDebugAndroidTestSigningConfigVersions UP-TO-DATE
> Task :tv:generateDebugAndroidTestLintModel
> Task :tv:extractProguardFiles UP-TO-DATE
> Task :tv:generateDebugLintReportModel
> Task :tv:preDebugUnitTestBuild UP-TO-DATE
> Task :tv:generateDebugUnitTestLintModel
> Task :tv:compileDebugAndroidTestKotlin
> Task :tv:compileDebugAndroidTestJavaWithJavac UP-TO-DATE
> Task :tv:dexBuilderDebugAndroidTest
> Task :tv:mergeDebugAndroidTestGlobalSynthetics UP-TO-DATE
> Task :tv:processDebugAndroidTestJavaRes UP-TO-DATE
> Task :tv:mergeDebugAndroidTestJavaResource UP-TO-DATE
> Task :tv:mergeProjectDexDebugAndroidTest
> Task :tv:packageDebugAndroidTest
> Task :tv:createDebugAndroidTestApkListingFileRedirect UP-TO-DATE
> Task :tv:assembleDebugAndroidTest
> Task :tv:lintAnalyzeDebugAndroidTest
> Task :tv:lintAnalyzeDebugUnitTest
> Task :tv:lintAnalyzeDebug
> Task :tv:lintReportDebug UP-TO-DATE
> Task :tv:lintDebug

BUILD SUCCESSFUL in 2m 58s
137 actionable tasks: 73 executed, 64 up-to-date
