INSTRUMENTATION_STATUS: class=dev.photohouse.tv.TvUiTest
INSTRUMENTATION_STATUS: current=1
INSTRUMENTATION_STATUS: id=AndroidJUnitRunner
INSTRUMENTATION_STATUS: numtests=7
INSTRUMENTATION_STATUS: stream=
dev.photohouse.tv.TvUiTest:
INSTRUMENTATION_STATUS: test=decoderPreserves4kAndBoundsLargerOrMalformedInputs
INSTRUMENTATION_STATUS_CODE: 1
INSTRUMENTATION_STATUS: class=dev.photohouse.tv.TvUiTest
INSTRUMENTATION_STATUS: current=1
INSTRUMENTATION_STATUS: id=AndroidJUnitRunner
INSTRUMENTATION_STATUS: numtests=7
INSTRUMENTATION_STATUS: stream=.
INSTRUMENTATION_STATUS: test=decoderPreserves4kAndBoundsLargerOrMalformedInputs
INSTRUMENTATION_STATUS_CODE: 0
INSTRUMENTATION_STATUS: class=dev.photohouse.tv.TvUiTest
INSTRUMENTATION_STATUS: current=2
INSTRUMENTATION_STATUS: id=AndroidJUnitRunner
INSTRUMENTATION_STATUS: numtests=7
INSTRUMENTATION_STATUS: stream=
INSTRUMENTATION_STATUS: test=fullScreenRemoteNavigationAndPrivacyClearImages
INSTRUMENTATION_STATUS_CODE: 1
INSTRUMENTATION_STATUS: class=dev.photohouse.tv.TvUiTest
INSTRUMENTATION_STATUS: current=2
INSTRUMENTATION_STATUS: id=AndroidJUnitRunner
INSTRUMENTATION_STATUS: numtests=7
INSTRUMENTATION_STATUS: stack=androidx.compose.ui.test.ComposeTimeoutException: Condition still not satisfied after 5000 ms
	at androidx.compose.ui.test.AndroidComposeUiTestEnvironment$AndroidComposeUiTestImpl.waitUntil(ComposeUiTest.android.kt:431)
	at androidx.compose.ui.test.junit4.AndroidComposeTestRule.waitUntil(AndroidComposeTestRule.android.kt:306)
	at dev.photohouse.tv.TvUiTest.fullScreenRemoteNavigationAndPrivacyClearImages(TvUiTest.kt:114)

INSTRUMENTATION_STATUS: stream=
Error in fullScreenRemoteNavigationAndPrivacyClearImages(dev.photohouse.tv.TvUiTest):
androidx.compose.ui.test.ComposeTimeoutException: Condition still not satisfied after 5000 ms
	at androidx.compose.ui.test.AndroidComposeUiTestEnvironment$AndroidComposeUiTestImpl.waitUntil(ComposeUiTest.android.kt:431)
	at androidx.compose.ui.test.junit4.AndroidComposeTestRule.waitUntil(AndroidComposeTestRule.android.kt:306)
	at dev.photohouse.tv.TvUiTest.fullScreenRemoteNavigationAndPrivacyClearImages(TvUiTest.kt:114)

INSTRUMENTATION_STATUS: test=fullScreenRemoteNavigationAndPrivacyClearImages
INSTRUMENTATION_STATUS_CODE: -2
INSTRUMENTATION_STATUS: class=dev.photohouse.tv.TvUiTest
INSTRUMENTATION_STATUS: current=3
INSTRUMENTATION_STATUS: id=AndroidJUnitRunner
INSTRUMENTATION_STATUS: numtests=7
INSTRUMENTATION_STATUS: stream=
INSTRUMENTATION_STATUS: test=setupIsClosedAndWindowRemainsSecure
INSTRUMENTATION_STATUS_CODE: 1
INSTRUMENTATION_STATUS: class=dev.photohouse.tv.TvUiTest
INSTRUMENTATION_STATUS: current=3
INSTRUMENTATION_STATUS: id=AndroidJUnitRunner
INSTRUMENTATION_STATUS: numtests=7
INSTRUMENTATION_STATUS: stream=.
INSTRUMENTATION_STATUS: test=setupIsClosedAndWindowRemainsSecure
INSTRUMENTATION_STATUS_CODE: 0
INSTRUMENTATION_STATUS: class=dev.photohouse.tv.TvUiTest
INSTRUMENTATION_STATUS: current=4
INSTRUMENTATION_STATUS: id=AndroidJUnitRunner
INSTRUMENTATION_STATUS: numtests=7
INSTRUMENTATION_STATUS: stream=
INSTRUMENTATION_STATUS: test=invitedRegistrationClearsInputs
INSTRUMENTATION_STATUS_CODE: 1
INSTRUMENTATION_STATUS: class=dev.photohouse.tv.TvUiTest
INSTRUMENTATION_STATUS: current=4
INSTRUMENTATION_STATUS: id=AndroidJUnitRunner
INSTRUMENTATION_STATUS: numtests=7
INSTRUMENTATION_STATUS: stream=.
INSTRUMENTATION_STATUS: test=invitedRegistrationClearsInputs
INSTRUMENTATION_STATUS_CODE: 0
INSTRUMENTATION_STATUS: class=dev.photohouse.tv.TvUiTest
INSTRUMENTATION_STATUS: current=5
INSTRUMENTATION_STATUS: id=AndroidJUnitRunner
INSTRUMENTATION_STATUS: numtests=7
INSTRUMENTATION_STATUS: stream=
INSTRUMENTATION_STATUS: test=originalModeRequiresExplicitActionAndLogoutClearsIt
INSTRUMENTATION_STATUS_CODE: 1
INSTRUMENTATION_STATUS: class=dev.photohouse.tv.TvUiTest
INSTRUMENTATION_STATUS: current=5
INSTRUMENTATION_STATUS: id=AndroidJUnitRunner
INSTRUMENTATION_STATUS: numtests=7
INSTRUMENTATION_STATUS: stream=.
INSTRUMENTATION_STATUS: test=originalModeRequiresExplicitActionAndLogoutClearsIt
INSTRUMENTATION_STATUS_CODE: 0
INSTRUMENTATION_STATUS: class=dev.photohouse.tv.TvUiTest
INSTRUMENTATION_STATUS: current=6
INSTRUMENTATION_STATUS: id=AndroidJUnitRunner
INSTRUMENTATION_STATUS: numtests=7
INSTRUMENTATION_STATUS: stream=
INSTRUMENTATION_STATUS: test=slideshowAdvancesAndStopsWhenCovered
INSTRUMENTATION_STATUS_CODE: 1
INSTRUMENTATION_STATUS: class=dev.photohouse.tv.TvUiTest
INSTRUMENTATION_STATUS: current=6
INSTRUMENTATION_STATUS: id=AndroidJUnitRunner
INSTRUMENTATION_STATUS: numtests=7
INSTRUMENTATION_STATUS: stream=.
INSTRUMENTATION_STATUS: test=slideshowAdvancesAndStopsWhenCovered
INSTRUMENTATION_STATUS_CODE: 0
INSTRUMENTATION_STATUS: class=dev.photohouse.tv.TvUiTest
INSTRUMENTATION_STATUS: current=7
INSTRUMENTATION_STATUS: id=AndroidJUnitRunner
INSTRUMENTATION_STATUS: numtests=7
INSTRUMENTATION_STATUS: stream=
INSTRUMENTATION_STATUS: test=remoteFocusOpensPhotoAndBackRestoresSelectedTile
INSTRUMENTATION_STATUS_CODE: 1
INSTRUMENTATION_STATUS: class=dev.photohouse.tv.TvUiTest
INSTRUMENTATION_STATUS: current=7
INSTRUMENTATION_STATUS: id=AndroidJUnitRunner
INSTRUMENTATION_STATUS: numtests=7
INSTRUMENTATION_STATUS: stack=java.lang.AssertionError: Failed to assert the following: (Focused = 'true')
Reason: Expected exactly '1' node but could not find any node that satisfies: (TestTag = 'asset-1')

	at androidx.compose.ui.test.SemanticsNodeInteraction.fetchOneOrDie(SemanticsNodeInteraction.kt:178)
	at androidx.compose.ui.test.SemanticsNodeInteraction.fetchOneOrDie$default(SemanticsNodeInteraction.kt:150)
	at androidx.compose.ui.test.SemanticsNodeInteraction.fetchSemanticsNode(SemanticsNodeInteraction.kt:84)
	at androidx.compose.ui.test.AssertionsKt.assert(Assertions.kt:263)
	at androidx.compose.ui.test.AssertionsKt.assert$default(Assertions.kt:255)
	at androidx.compose.ui.test.AssertionsKt.assertIsFocused(Assertions.kt:116)
	at dev.photohouse.tv.TvUiTest.remoteFocusOpensPhotoAndBackRestoresSelectedTile(TvUiTest.kt:95)

INSTRUMENTATION_STATUS: stream=
Error in remoteFocusOpensPhotoAndBackRestoresSelectedTile(dev.photohouse.tv.TvUiTest):
java.lang.AssertionError: Failed to assert the following: (Focused = 'true')
Reason: Expected exactly '1' node but could not find any node that satisfies: (TestTag = 'asset-1')

	at androidx.compose.ui.test.SemanticsNodeInteraction.fetchOneOrDie(SemanticsNodeInteraction.kt:178)
	at androidx.compose.ui.test.SemanticsNodeInteraction.fetchOneOrDie$default(SemanticsNodeInteraction.kt:150)
	at androidx.compose.ui.test.SemanticsNodeInteraction.fetchSemanticsNode(SemanticsNodeInteraction.kt:84)
	at androidx.compose.ui.test.AssertionsKt.assert(Assertions.kt:263)
	at androidx.compose.ui.test.AssertionsKt.assert$default(Assertions.kt:255)
	at androidx.compose.ui.test.AssertionsKt.assertIsFocused(Assertions.kt:116)
	at dev.photohouse.tv.TvUiTest.remoteFocusOpensPhotoAndBackRestoresSelectedTile(TvUiTest.kt:95)

INSTRUMENTATION_STATUS: test=remoteFocusOpensPhotoAndBackRestoresSelectedTile
INSTRUMENTATION_STATUS_CODE: -2
INSTRUMENTATION_RESULT: stream=

Time: 47.014
There were 2 failures:
1) fullScreenRemoteNavigationAndPrivacyClearImages(dev.photohouse.tv.TvUiTest)
androidx.compose.ui.test.ComposeTimeoutException: Condition still not satisfied after 5000 ms
	at androidx.compose.ui.test.AndroidComposeUiTestEnvironment$AndroidComposeUiTestImpl.waitUntil(ComposeUiTest.android.kt:431)
	at androidx.compose.ui.test.junit4.AndroidComposeTestRule.waitUntil(AndroidComposeTestRule.android.kt:306)
	at dev.photohouse.tv.TvUiTest.fullScreenRemoteNavigationAndPrivacyClearImages(TvUiTest.kt:114)
2) remoteFocusOpensPhotoAndBackRestoresSelectedTile(dev.photohouse.tv.TvUiTest)
java.lang.AssertionError: Failed to assert the following: (Focused = 'true')
Reason: Expected exactly '1' node but could not find any node that satisfies: (TestTag = 'asset-1')

	at androidx.compose.ui.test.SemanticsNodeInteraction.fetchOneOrDie(SemanticsNodeInteraction.kt:178)
	at androidx.compose.ui.test.SemanticsNodeInteraction.fetchOneOrDie$default(SemanticsNodeInteraction.kt:150)
	at androidx.compose.ui.test.SemanticsNodeInteraction.fetchSemanticsNode(SemanticsNodeInteraction.kt:84)
	at androidx.compose.ui.test.AssertionsKt.assert(Assertions.kt:263)
	at androidx.compose.ui.test.AssertionsKt.assert$default(Assertions.kt:255)
	at androidx.compose.ui.test.AssertionsKt.assertIsFocused(Assertions.kt:116)
	at dev.photohouse.tv.TvUiTest.remoteFocusOpensPhotoAndBackRestoresSelectedTile(TvUiTest.kt:95)

FAILURES!!!
Tests run: 7,  Failures: 2


INSTRUMENTATION_CODE: -1
