Starting a Gradle Daemon (subsequent builds will be faster)
> Task :home-core:checkKotlinGradlePluginConfigurationErrors
> Task :home-core:processResources NO-SOURCE
> Task :home-core:processTestResources
> Task :tv:checkKotlinGradlePluginConfigurationErrors
> Task :tv:preBuild UP-TO-DATE
> Task :tv:preDebugBuild UP-TO-DATE
> Task :tv:generateDebugBuildConfig
> Task :tv:checkDebugAarMetadata
> Task :tv:generateDebugResValues
> Task :tv:mapDebugSourceSetPaths
> Task :tv:generateDebugResources
> Task :tv:mergeDebugResources
> Task :tv:packageDebugResources
> Task :tv:parseDebugLocalResources
> Task :tv:createDebugCompatibleScreenManifests
> Task :tv:extractDeepLinksDebug
> Task :tv:processDebugMainManifest
> Task :tv:processDebugManifest
> Task :tv:processDebugManifestForPackage
> Task :tv:processDebugResources
> Task :tv:javaPreCompileDebug
> Task :tv:preDebugUnitTestBuild UP-TO-DATE
> Task :tv:javaPreCompileDebugUnitTest
> Task :tv:mergeDebugNativeDebugMetadata NO-SOURCE
> Task :tv:mergeDebugShaders
> Task :tv:compileDebugShaders NO-SOURCE
> Task :tv:generateDebugAssets UP-TO-DATE
> Task :tv:mergeDebugAssets
> Task :tv:compressDebugAssets
> Task :tv:desugarDebugFileDependencies
> Task :tv:checkDebugDuplicateClasses
> Task :tv:mergeDebugStartupProfile
> Task :tv:mergeExtDexDebug
> Task :tv:mergeDebugJniLibFolders
> Task :tv:validateSigningDebug
> Task :tv:writeDebugAppMetadata
> Task :tv:writeDebugSigningConfigVersions
> Task :tv:preDebugAndroidTestBuild SKIPPED
> Task :tv:processDebugAndroidTestManifest
> Task :tv:generateDebugAndroidTestBuildConfig
> Task :tv:checkDebugAndroidTestAarMetadata
> Task :tv:generateDebugAndroidTestResValues
> Task :tv:mapDebugAndroidTestSourceSetPaths
> Task :tv:generateDebugAndroidTestResources
> Task :tv:mergeDebugAndroidTestResources
> Task :tv:processDebugAndroidTestResources
> Task :tv:javaPreCompileDebugAndroidTest
> Task :tv:mergeDebugAndroidTestShaders
> Task :tv:compileDebugAndroidTestShaders NO-SOURCE
> Task :tv:generateDebugAndroidTestAssets UP-TO-DATE
> Task :tv:mergeDebugAndroidTestAssets
> Task :tv:compressDebugAndroidTestAssets
> Task :tv:desugarDebugAndroidTestFileDependencies
> Task :tv:checkDebugAndroidTestDuplicateClasses
> Task :tv:mergeExtDexDebugAndroidTest
> Task :tv:mergeDebugAndroidTestJniLibFolders
> Task :tv:validateSigningDebugAndroidTest
> Task :tv:writeDebugAndroidTestSigningConfigVersions
> Task :tv:extractProguardFiles
> Task :home-core:compileKotlin
> Task :home-core:compileJava NO-SOURCE
> Task :home-core:classes UP-TO-DATE
> Task :home-core:jar
> Task :home-core:compileTestKotlin
> Task :home-core:compileTestJava NO-SOURCE
> Task :home-core:testClasses

> Task :tv:compileDebugKotlin
w: file:///Users/yanbo/Projects/mobileAppForPhotoHouse-android-tv-v9/android/tv/src/main/java/dev/photohouse/tv/TvApp.kt:127:25 Name shadowed: focusedWindow
w: file:///Users/yanbo/Projects/mobileAppForPhotoHouse-android-tv-v9/android/tv/src/main/java/dev/photohouse/tv/TvVideoPlayer.kt:223:13 'LinearProgressIndicator(Float, Modifier = ..., Color = ..., Color = ..., StrokeCap = ...): Unit' is deprecated. Use the overload that takes `progress` as a lambda

> Task :home-core:test
> Task :tv:compileDebugJavaWithJavac
> Task :tv:bundleDebugClassesToCompileJar
> Task :tv:bundleDebugClassesToRuntimeJar
> Task :tv:processDebugJavaRes
> Task :tv:compileDebugUnitTestKotlin
> Task :tv:dexBuilderDebug
> Task :tv:compileDebugUnitTestJavaWithJavac NO-SOURCE
> Task :tv:processDebugUnitTestJavaRes
> Task :tv:testDebugUnitTest
> Task :tv:mergeDebugGlobalSynthetics
> Task :tv:mergeLibDexDebug
> Task :tv:mergeProjectDexDebug
> Task :tv:mergeDebugNativeLibs NO-SOURCE
> Task :tv:stripDebugDebugSymbols NO-SOURCE
> Task :tv:mergeDebugJavaResource
> Task :tv:packageDebug
> Task :tv:createDebugApkListingFileRedirect
> Task :tv:assembleDebug
> Task :tv:mergeLibDexDebugAndroidTest
> Task :tv:mergeDebugAndroidTestNativeLibs NO-SOURCE
> Task :tv:stripDebugAndroidTestDebugSymbols NO-SOURCE
> Task :tv:generateDebugAndroidTestLintModel
> Task :tv:generateDebugLintReportModel
> Task :tv:generateDebugUnitTestLintModel
> Task :tv:compileDebugAndroidTestKotlin
> Task :tv:compileDebugAndroidTestJavaWithJavac
> Task :tv:dexBuilderDebugAndroidTest
> Task :tv:mergeDebugAndroidTestGlobalSynthetics
> Task :tv:processDebugAndroidTestJavaRes
> Task :tv:mergeDebugAndroidTestJavaResource
> Task :tv:mergeProjectDexDebugAndroidTest
> Task :tv:packageDebugAndroidTest
> Task :tv:createDebugAndroidTestApkListingFileRedirect
> Task :tv:assembleDebugAndroidTest
> Task :tv:lintAnalyzeDebugAndroidTest
> Task :tv:lintAnalyzeDebugUnitTest
> Task :tv:lintAnalyzeDebug

> Task :tv:lintReportDebug
Wrote HTML report to file:///Users/yanbo/Projects/mobileAppForPhotoHouse-android-tv-v9/android/tv/build/reports/lint-results-debug.html

> Task :tv:lintDebug

BUILD SUCCESSFUL in 45s
86 actionable tasks: 86 executed
