INSTRUMENTATION_STATUS: class=dev.photohouse.tv.TvBrowseTest
INSTRUMENTATION_STATUS: current=1
INSTRUMENTATION_STATUS: id=AndroidJUnitRunner
INSTRUMENTATION_STATUS: numtests=6
INSTRUMENTATION_STATUS: stream=
dev.photohouse.tv.TvBrowseTest:
INSTRUMENTATION_STATUS: test=selectorsRenderCountsFilterGloballyAndKeepAnEmptyResultRecoverable
INSTRUMENTATION_STATUS_CODE: 1
INSTRUMENTATION_STATUS: class=dev.photohouse.tv.TvBrowseTest
INSTRUMENTATION_STATUS: current=1
INSTRUMENTATION_STATUS: id=AndroidJUnitRunner
INSTRUMENTATION_STATUS: numtests=6
INSTRUMENTATION_STATUS: stream=.
INSTRUMENTATION_STATUS: test=selectorsRenderCountsFilterGloballyAndKeepAnEmptyResultRecoverable
INSTRUMENTATION_STATUS_CODE: 0
INSTRUMENTATION_STATUS: class=dev.photohouse.tv.TvCatalogTest
INSTRUMENTATION_STATUS: current=2
INSTRUMENTATION_STATUS: id=AndroidJUnitRunner
INSTRUMENTATION_STATUS: numtests=6
INSTRUMENTATION_STATUS: stream=
dev.photohouse.tv.TvCatalogTest:
INSTRUMENTATION_STATUS: test=remotePageDialogReachesLastPageOfLargeCatalog
INSTRUMENTATION_STATUS_CODE: 1
INSTRUMENTATION_STATUS: class=dev.photohouse.tv.TvCatalogTest
INSTRUMENTATION_STATUS: current=2
INSTRUMENTATION_STATUS: id=AndroidJUnitRunner
INSTRUMENTATION_STATUS: numtests=6
INSTRUMENTATION_STATUS: stream=.
INSTRUMENTATION_STATUS: test=remotePageDialogReachesLastPageOfLargeCatalog
INSTRUMENTATION_STATUS_CODE: 0
INSTRUMENTATION_STATUS: class=dev.photohouse.tv.TvCatalogTest
INSTRUMENTATION_STATUS: current=3
INSTRUMENTATION_STATUS: id=AndroidJUnitRunner
INSTRUMENTATION_STATUS: numtests=6
INSTRUMENTATION_STATUS: stream=
INSTRUMENTATION_STATUS: test=unpreparedVideoHasAnHonestStateAndNoPlayableSource
INSTRUMENTATION_STATUS_CODE: 1
INSTRUMENTATION_STATUS: class=dev.photohouse.tv.TvCatalogTest
INSTRUMENTATION_STATUS: current=3
INSTRUMENTATION_STATUS: id=AndroidJUnitRunner
INSTRUMENTATION_STATUS: numtests=6
INSTRUMENTATION_STATUS: stream=.
INSTRUMENTATION_STATUS: test=unpreparedVideoHasAnHonestStateAndNoPlayableSource
INSTRUMENTATION_STATUS_CODE: 0
INSTRUMENTATION_STATUS: class=dev.photohouse.tv.TvCatalogTest
INSTRUMENTATION_STATUS: current=4
INSTRUMENTATION_STATUS: id=AndroidJUnitRunner
INSTRUMENTATION_STATUS: numtests=6
INSTRUMENTATION_STATUS: stream=
INSTRUMENTATION_STATUS: test=unpreparedPageKeepsNavigationFocusedAndDoesNotOpenBlankViewer
INSTRUMENTATION_STATUS_CODE: 1
INSTRUMENTATION_STATUS: class=dev.photohouse.tv.TvCatalogTest
INSTRUMENTATION_STATUS: current=4
INSTRUMENTATION_STATUS: id=AndroidJUnitRunner
INSTRUMENTATION_STATUS: numtests=6
INSTRUMENTATION_STATUS: stream=.
INSTRUMENTATION_STATUS: test=unpreparedPageKeepsNavigationFocusedAndDoesNotOpenBlankViewer
INSTRUMENTATION_STATUS_CODE: 0
INSTRUMENTATION_STATUS: class=dev.photohouse.tv.TvCatalogTest
INSTRUMENTATION_STATUS: current=5
INSTRUMENTATION_STATUS: id=AndroidJUnitRunner
INSTRUMENTATION_STATUS: numtests=6
INSTRUMENTATION_STATUS: stream=
INSTRUMENTATION_STATUS: test=mixedCatalogOpensNativeVideoThenReturnsFocusAndClearsOnBackground
INSTRUMENTATION_STATUS_CODE: 1
INSTRUMENTATION_STATUS: class=dev.photohouse.tv.TvCatalogTest
INSTRUMENTATION_STATUS: current=5
INSTRUMENTATION_STATUS: id=AndroidJUnitRunner
INSTRUMENTATION_STATUS: numtests=6
INSTRUMENTATION_STATUS: stream=.
INSTRUMENTATION_STATUS: test=mixedCatalogOpensNativeVideoThenReturnsFocusAndClearsOnBackground
INSTRUMENTATION_STATUS_CODE: 0
INSTRUMENTATION_STATUS: class=dev.photohouse.tv.TvCatalogTest
INSTRUMENTATION_STATUS: current=6
INSTRUMENTATION_STATUS: id=AndroidJUnitRunner
INSTRUMENTATION_STATUS: numtests=6
INSTRUMENTATION_STATUS: stream=
INSTRUMENTATION_STATUS: test=nativeFailureShowsSafeCodeAndRetryReplacesClosedSource
INSTRUMENTATION_STATUS_CODE: 1
INSTRUMENTATION_STATUS: class=dev.photohouse.tv.TvCatalogTest
INSTRUMENTATION_STATUS: current=6
INSTRUMENTATION_STATUS: id=AndroidJUnitRunner
INSTRUMENTATION_STATUS: numtests=6
INSTRUMENTATION_STATUS: stream=.
INSTRUMENTATION_STATUS: test=nativeFailureShowsSafeCodeAndRetryReplacesClosedSource
INSTRUMENTATION_STATUS_CODE: 0
INSTRUMENTATION_RESULT: stream=

Time: 13.24

OK (6 tests)


INSTRUMENTATION_CODE: -1
