PASS v2 pin, 16-input manifest, contract/example and test-only video; explicit version selection
{
  "checks_passed": 12,
  "checks": [
    "exact_catalog_fixture",
    "no_store",
    "complete_synthetic_mp4",
    "range_exact_status_bytes_headers",
    "head_ignores_range",
    "multipart_denied",
    "revision_required",
    "revision_conflict",
    "exact_jpeg",
    "legacy_original_denied",
    "disabled_stream_denied",
    "public_peer_denied_before_storage"
  ],
  "real_media": false,
  "listeners": false,
  "contract_sha256": "13cf10892dc4e91631ad71b5ee4bed21baa44697f1e779851c19026dbe606120",
  "implementation_commit": "a5d0f595d7cd26379ed2845a944ec1d58d7885cc",
  "source_hashes_verified": 16,
  "evidence_tier": "actual in-process backend; separate from Kotlin mock TLS and physical device"
}
