To honour the JVM settings for this build a single-use Daemon process will be forked. For more on this, please refer to https://docs.gradle.org/8.10.2/userguide/gradle_daemon.html#sec:disabling_the_daemon in the Gradle documentation.
Daemon will be stopped at the end of the build
> Task :tv:preBuild UP-TO-DATE
> Task :tv:preDebugBuild UP-TO-DATE
> Task :tv:mergeDebugNativeDebugMetadata NO-SOURCE
> Task :home-core:checkKotlinGradlePluginConfigurationErrors
> Task :home-core:compileKotlin UP-TO-DATE
> Task :home-core:compileJava NO-SOURCE
> Task :home-core:processResources NO-SOURCE
> Task :home-core:classes UP-TO-DATE
> Task :home-core:jar UP-TO-DATE
> Task :tv:checkKotlinGradlePluginConfigurationErrors
> Task :tv:generateDebugBuildConfig UP-TO-DATE
> Task :tv:checkDebugAarMetadata UP-TO-DATE
> Task :tv:generateDebugResValues UP-TO-DATE
> Task :tv:mapDebugSourceSetPaths UP-TO-DATE
> Task :tv:generateDebugResources UP-TO-DATE
> Task :tv:mergeDebugResources UP-TO-DATE
> Task :tv:packageDebugResources UP-TO-DATE
> Task :tv:parseDebugLocalResources UP-TO-DATE
> Task :tv:createDebugCompatibleScreenManifests UP-TO-DATE
> Task :tv:extractDeepLinksDebug UP-TO-DATE
> Task :tv:processDebugMainManifest UP-TO-DATE
> Task :tv:processDebugManifest UP-TO-DATE
> Task :tv:processDebugManifestForPackage UP-TO-DATE
> Task :tv:processDebugResources UP-TO-DATE
> Task :tv:javaPreCompileDebug UP-TO-DATE
> Task :tv:mergeDebugShaders UP-TO-DATE
> Task :tv:compileDebugShaders NO-SOURCE
> Task :tv:generateDebugAssets UP-TO-DATE
> Task :tv:mergeDebugAssets UP-TO-DATE
> Task :tv:compressDebugAssets UP-TO-DATE
> Task :tv:desugarDebugFileDependencies UP-TO-DATE
> Task :tv:checkDebugDuplicateClasses UP-TO-DATE
> Task :tv:mergeDebugStartupProfile UP-TO-DATE
> Task :tv:mergeExtDexDebug UP-TO-DATE
> Task :tv:mergeLibDexDebug UP-TO-DATE
> Task :tv:mergeDebugJniLibFolders UP-TO-DATE
> Task :tv:mergeDebugNativeLibs NO-SOURCE
> Task :tv:stripDebugDebugSymbols NO-SOURCE
> Task :tv:validateSigningDebug UP-TO-DATE
> Task :tv:writeDebugAppMetadata UP-TO-DATE
> Task :tv:writeDebugSigningConfigVersions UP-TO-DATE
> Task :tv:compileDebugKotlin
> Task :tv:compileDebugJavaWithJavac UP-TO-DATE
> Task :tv:dexBuilderDebug
> Task :tv:mergeDebugGlobalSynthetics UP-TO-DATE
> Task :tv:processDebugJavaRes UP-TO-DATE
> Task :tv:mergeDebugJavaResource UP-TO-DATE
> Task :tv:mergeProjectDexDebug
> Task :tv:packageDebug
> Task :tv:createDebugApkListingFileRedirect UP-TO-DATE
> Task :tv:assembleDebug

BUILD SUCCESSFUL in 2m 16s
40 actionable tasks: 6 executed, 34 up-to-date
