INSTRUMENTATION_STATUS: class=dev.photohouse.fixture.FixtureUiTest
INSTRUMENTATION_STATUS: current=1
INSTRUMENTATION_STATUS: id=AndroidJUnitRunner
INSTRUMENTATION_STATUS: numtests=6
INSTRUMENTATION_STATUS: stream=
dev.photohouse.fixture.FixtureUiTest:
INSTRUMENTATION_STATUS: test=videoAndMarkupUseLiteralTextAndNoOriginalFallback
INSTRUMENTATION_STATUS_CODE: 1
INSTRUMENTATION_STATUS: class=dev.photohouse.fixture.FixtureUiTest
INSTRUMENTATION_STATUS: current=1
INSTRUMENTATION_STATUS: id=AndroidJUnitRunner
INSTRUMENTATION_STATUS: numtests=6
INSTRUMENTATION_STATUS: stream=.
INSTRUMENTATION_STATUS: test=videoAndMarkupUseLiteralTextAndNoOriginalFallback
INSTRUMENTATION_STATUS_CODE: 0
INSTRUMENTATION_STATUS: class=dev.photohouse.fixture.FixtureUiTest
INSTRUMENTATION_STATUS: current=2
INSTRUMENTATION_STATUS: id=AndroidJUnitRunner
INSTRUMENTATION_STATUS: numtests=6
INSTRUMENTATION_STATUS: stream=
INSTRUMENTATION_STATUS: test=approvedFlowLanguagesAndLiteralCaptions
INSTRUMENTATION_STATUS_CODE: 1
INSTRUMENTATION_STATUS: class=dev.photohouse.fixture.FixtureUiTest
INSTRUMENTATION_STATUS: current=2
INSTRUMENTATION_STATUS: id=AndroidJUnitRunner
INSTRUMENTATION_STATUS: numtests=6
INSTRUMENTATION_STATUS: stream=.
INSTRUMENTATION_STATUS: test=approvedFlowLanguagesAndLiteralCaptions
INSTRUMENTATION_STATUS_CODE: 0
INSTRUMENTATION_STATUS: class=dev.photohouse.fixture.FixtureUiTest
INSTRUMENTATION_STATUS: current=3
INSTRUMENTATION_STATUS: id=AndroidJUnitRunner
INSTRUMENTATION_STATUS: numtests=6
INSTRUMENTATION_STATUS: stream=
INSTRUMENTATION_STATUS: test=unavailableMembershipHasDisabledBrowseControl
INSTRUMENTATION_STATUS_CODE: 1
INSTRUMENTATION_STATUS: class=dev.photohouse.fixture.FixtureUiTest
INSTRUMENTATION_STATUS: current=3
INSTRUMENTATION_STATUS: id=AndroidJUnitRunner
INSTRUMENTATION_STATUS: numtests=6
INSTRUMENTATION_STATUS: stream=.
INSTRUMENTATION_STATUS: test=unavailableMembershipHasDisabledBrowseControl
INSTRUMENTATION_STATUS_CODE: 0
INSTRUMENTATION_STATUS: class=dev.photohouse.fixture.FixtureUiTest
INSTRUMENTATION_STATUS: current=4
INSTRUMENTATION_STATUS: id=AndroidJUnitRunner
INSTRUMENTATION_STATUS: numtests=6
INSTRUMENTATION_STATUS: stream=
INSTRUMENTATION_STATUS: test=emptyAndMissingPreviewAreDistinctRenderedStates
INSTRUMENTATION_STATUS_CODE: 1
INSTRUMENTATION_STATUS: class=dev.photohouse.fixture.FixtureUiTest
INSTRUMENTATION_STATUS: current=4
INSTRUMENTATION_STATUS: id=AndroidJUnitRunner
INSTRUMENTATION_STATUS: numtests=6
INSTRUMENTATION_STATUS: stream=.
INSTRUMENTATION_STATUS: test=emptyAndMissingPreviewAreDistinctRenderedStates
INSTRUMENTATION_STATUS_CODE: 0
INSTRUMENTATION_STATUS: class=dev.photohouse.fixture.FixtureUiTest
INSTRUMENTATION_STATUS: current=5
INSTRUMENTATION_STATUS: id=AndroidJUnitRunner
INSTRUMENTATION_STATUS: numtests=6
INSTRUMENTATION_STATUS: stream=
INSTRUMENTATION_STATUS: test=lifecycleCoversAndClearsThenRevalidatesBeforeBrowsing
INSTRUMENTATION_STATUS_CODE: 1
INSTRUMENTATION_STATUS: class=dev.photohouse.fixture.FixtureUiTest
INSTRUMENTATION_STATUS: current=5
INSTRUMENTATION_STATUS: id=AndroidJUnitRunner
INSTRUMENTATION_STATUS: numtests=6
INSTRUMENTATION_STATUS: stream=.
INSTRUMENTATION_STATUS: test=lifecycleCoversAndClearsThenRevalidatesBeforeBrowsing
INSTRUMENTATION_STATUS_CODE: 0
INSTRUMENTATION_STATUS: class=dev.photohouse.fixture.FixtureUiTest
INSTRUMENTATION_STATUS: current=6
INSTRUMENTATION_STATUS: id=AndroidJUnitRunner
INSTRUMENTATION_STATUS: numtests=6
INSTRUMENTATION_STATUS: stream=
INSTRUMENTATION_STATUS: test=invitedAndInvalidAdmission
INSTRUMENTATION_STATUS_CODE: 1
INSTRUMENTATION_STATUS: class=dev.photohouse.fixture.FixtureUiTest
INSTRUMENTATION_STATUS: current=6
INSTRUMENTATION_STATUS: id=AndroidJUnitRunner
INSTRUMENTATION_STATUS: numtests=6
INSTRUMENTATION_STATUS: stream=.
INSTRUMENTATION_STATUS: test=invitedAndInvalidAdmission
INSTRUMENTATION_STATUS_CODE: 0
INSTRUMENTATION_RESULT: stream=

Time: 25.089

OK (6 tests)


INSTRUMENTATION_CODE: -1
