
FAILURE: Build completed with 2 failures.

1: Task failed with an exception.
-----------
* Where:
Build file '<ANDROID_WORKTREE>/android/tv/build.gradle.kts' line: 13

* What went wrong:
Discovery requires catalog v2

* Try:
> Run with --stacktrace option to get the stack trace.
> Run with --info or --debug option to get more log output.
> Run with --scan to get full insights.
> Get more help at https://help.gradle.org.
==============================================================================

2: Task failed with an exception.
-----------
* Where:
Build file '<ANDROID_WORKTREE>/android/tv/build.gradle.kts' line: 13

* What went wrong:
Discovery requires catalog v2

* Try:
> Run with --stacktrace option to get the stack trace.
> Run with --info or --debug option to get more log output.
> Run with --scan to get full insights.
> Get more help at https://help.gradle.org.
==============================================================================

BUILD FAILED in 771ms
