> Task :core:checkKotlinGradlePluginConfigurationErrors
> Task :protocol:checkKotlinGradlePluginConfigurationErrors
> Task :protocol:compileKotlin UP-TO-DATE
> Task :protocol:compileJava NO-SOURCE
> Task :core:compileKotlin UP-TO-DATE
> Task :core:compileJava NO-SOURCE
> Task :core:processResources NO-SOURCE
> Task :core:classes UP-TO-DATE
> Task :core:compileTestKotlin UP-TO-DATE
> Task :core:compileTestJava NO-SOURCE
> Task :core:processTestResources UP-TO-DATE
> Task :core:testClasses UP-TO-DATE
> Task :protocol:processResources NO-SOURCE
> Task :protocol:classes UP-TO-DATE
> Task :protocol:jar UP-TO-DATE
> Task :core:test UP-TO-DATE
> Task :live-core:checkKotlinGradlePluginConfigurationErrors
> Task :live-core:compileKotlin UP-TO-DATE
> Task :live-core:compileJava NO-SOURCE
> Task :live-core:processResources NO-SOURCE
> Task :live-core:classes UP-TO-DATE
> Task :live-core:compileTestKotlin UP-TO-DATE
> Task :live-core:compileTestJava NO-SOURCE
> Task :live-core:processTestResources UP-TO-DATE
> Task :live-core:testClasses UP-TO-DATE
> Task :live-core:test UP-TO-DATE

BUILD SUCCESSFUL in 1s
13 actionable tasks: 3 executed, 10 up-to-date
