INSTRUMENTATION_STATUS: class=dev.photohouse.tv.TvLiveCatalogTest
INSTRUMENTATION_STATUS: current=1
INSTRUMENTATION_STATUS: id=AndroidJUnitRunner
INSTRUMENTATION_STATUS: numtests=4
INSTRUMENTATION_STATUS: stream=
dev.photohouse.tv.TvLiveCatalogTest:
INSTRUMENTATION_STATUS: test=livePhotoOpensAndZooms
INSTRUMENTATION_STATUS_CODE: 1
INSTRUMENTATION_STATUS: class=dev.photohouse.tv.TvLiveCatalogTest
INSTRUMENTATION_STATUS: current=1
INSTRUMENTATION_STATUS: id=AndroidJUnitRunner
INSTRUMENTATION_STATUS: numtests=4
INSTRUMENTATION_STATUS: stream=.
INSTRUMENTATION_STATUS: test=livePhotoOpensAndZooms
INSTRUMENTATION_STATUS_CODE: 0
INSTRUMENTATION_STATUS: class=dev.photohouse.tv.TvLiveCatalogTest
INSTRUMENTATION_STATUS: current=2
INSTRUMENTATION_STATUS: id=AndroidJUnitRunner
INSTRUMENTATION_STATUS: numtests=4
INSTRUMENTATION_STATUS: stream=
INSTRUMENTATION_STATUS: test=livePreparedPreviewsDecode
INSTRUMENTATION_STATUS_CODE: 1
INSTRUMENTATION_STATUS: class=dev.photohouse.tv.TvLiveCatalogTest
INSTRUMENTATION_STATUS: current=2
INSTRUMENTATION_STATUS: id=AndroidJUnitRunner
INSTRUMENTATION_STATUS: numtests=4
INSTRUMENTATION_STATUS: stream=.
INSTRUMENTATION_STATUS: test=livePreparedPreviewsDecode
INSTRUMENTATION_STATUS_CODE: 0
INSTRUMENTATION_STATUS: class=dev.photohouse.tv.TvLiveCatalogTest
INSTRUMENTATION_STATUS: current=3
INSTRUMENTATION_STATUS: id=AndroidJUnitRunner
INSTRUMENTATION_STATUS: numtests=4
INSTRUMENTATION_STATUS: stream=
INSTRUMENTATION_STATUS: test=livePageJumpAndPreviousPage
INSTRUMENTATION_STATUS_CODE: 1
INSTRUMENTATION_STATUS: class=dev.photohouse.tv.TvLiveCatalogTest
INSTRUMENTATION_STATUS: current=3
INSTRUMENTATION_STATUS: id=AndroidJUnitRunner
INSTRUMENTATION_STATUS: numtests=4
INSTRUMENTATION_STATUS: stream=.
INSTRUMENTATION_STATUS: test=livePageJumpAndPreviousPage
INSTRUMENTATION_STATUS_CODE: 0
INSTRUMENTATION_STATUS: class=dev.photohouse.tv.TvLiveCatalogTest
INSTRUMENTATION_STATUS: current=4
INSTRUMENTATION_STATUS: id=AndroidJUnitRunner
INSTRUMENTATION_STATUS: numtests=4
INSTRUMENTATION_STATUS: stream=
INSTRUMENTATION_STATUS: test=liveVideoPreparesAndPlays
INSTRUMENTATION_STATUS_CODE: 1
INSTRUMENTATION_STATUS: class=dev.photohouse.tv.TvLiveCatalogTest
INSTRUMENTATION_STATUS: current=4
INSTRUMENTATION_STATUS: id=AndroidJUnitRunner
INSTRUMENTATION_STATUS: numtests=4
INSTRUMENTATION_STATUS: stream=.
INSTRUMENTATION_STATUS: test=liveVideoPreparesAndPlays
INSTRUMENTATION_STATUS_CODE: 0
INSTRUMENTATION_RESULT: stream=

Time: 39.649

OK (4 tests)


INSTRUMENTATION_CODE: -1
