INSTRUMENTATION_STATUS: class=dev.photohouse.tv.TvCatalogTest
INSTRUMENTATION_STATUS: current=1
INSTRUMENTATION_STATUS: id=AndroidJUnitRunner
INSTRUMENTATION_STATUS: numtests=25
INSTRUMENTATION_STATUS: stream=
dev.photohouse.tv.TvCatalogTest:
INSTRUMENTATION_STATUS: test=remotePageDialogReachesLastPageOfLargeCatalog
INSTRUMENTATION_STATUS_CODE: 1
INSTRUMENTATION_STATUS: class=dev.photohouse.tv.TvCatalogTest
INSTRUMENTATION_STATUS: current=1
INSTRUMENTATION_STATUS: id=AndroidJUnitRunner
INSTRUMENTATION_STATUS: numtests=25
INSTRUMENTATION_STATUS: stream=.
INSTRUMENTATION_STATUS: test=remotePageDialogReachesLastPageOfLargeCatalog
INSTRUMENTATION_STATUS_CODE: 0
INSTRUMENTATION_STATUS: class=dev.photohouse.tv.TvCatalogTest
INSTRUMENTATION_STATUS: current=2
INSTRUMENTATION_STATUS: id=AndroidJUnitRunner
INSTRUMENTATION_STATUS: numtests=25
INSTRUMENTATION_STATUS: stream=
INSTRUMENTATION_STATUS: test=unpreparedVideoHasAnHonestStateAndNoPlayableSource
INSTRUMENTATION_STATUS_CODE: 1
INSTRUMENTATION_STATUS: class=dev.photohouse.tv.TvCatalogTest
INSTRUMENTATION_STATUS: current=2
INSTRUMENTATION_STATUS: id=AndroidJUnitRunner
INSTRUMENTATION_STATUS: numtests=25
INSTRUMENTATION_STATUS: stream=.
INSTRUMENTATION_STATUS: test=unpreparedVideoHasAnHonestStateAndNoPlayableSource
INSTRUMENTATION_STATUS_CODE: 0
INSTRUMENTATION_STATUS: class=dev.photohouse.tv.TvCatalogTest
INSTRUMENTATION_STATUS: current=3
INSTRUMENTATION_STATUS: id=AndroidJUnitRunner
INSTRUMENTATION_STATUS: numtests=25
INSTRUMENTATION_STATUS: stream=
INSTRUMENTATION_STATUS: test=unpreparedPageKeepsNavigationFocusedAndDoesNotOpenBlankViewer
INSTRUMENTATION_STATUS_CODE: 1
INSTRUMENTATION_STATUS: class=dev.photohouse.tv.TvCatalogTest
INSTRUMENTATION_STATUS: current=3
INSTRUMENTATION_STATUS: id=AndroidJUnitRunner
INSTRUMENTATION_STATUS: numtests=25
INSTRUMENTATION_STATUS: stream=.
INSTRUMENTATION_STATUS: test=unpreparedPageKeepsNavigationFocusedAndDoesNotOpenBlankViewer
INSTRUMENTATION_STATUS_CODE: 0
INSTRUMENTATION_STATUS: class=dev.photohouse.tv.TvCatalogTest
INSTRUMENTATION_STATUS: current=4
INSTRUMENTATION_STATUS: id=AndroidJUnitRunner
INSTRUMENTATION_STATUS: numtests=25
INSTRUMENTATION_STATUS: stream=
INSTRUMENTATION_STATUS: test=mixedCatalogOpensNativeVideoThenReturnsFocusAndClearsOnBackground
INSTRUMENTATION_STATUS_CODE: 1
INSTRUMENTATION_STATUS: class=dev.photohouse.tv.TvCatalogTest
INSTRUMENTATION_STATUS: current=4
INSTRUMENTATION_STATUS: id=AndroidJUnitRunner
INSTRUMENTATION_STATUS: numtests=25
INSTRUMENTATION_STATUS: stream=.
INSTRUMENTATION_STATUS: test=mixedCatalogOpensNativeVideoThenReturnsFocusAndClearsOnBackground
INSTRUMENTATION_STATUS_CODE: 0
INSTRUMENTATION_STATUS: class=dev.photohouse.tv.TvDiscoveryResultsTest
INSTRUMENTATION_STATUS: current=5
INSTRUMENTATION_STATUS: id=AndroidJUnitRunner
INSTRUMENTATION_STATUS: numtests=25
INSTRUMENTATION_STATUS: stream=
dev.photohouse.tv.TvDiscoveryResultsTest:
INSTRUMENTATION_STATUS: test=emptyAndChangedSearchNeverFallBackAndEditingRefreshesMetadata
INSTRUMENTATION_STATUS_CODE: 1
INSTRUMENTATION_STATUS: class=dev.photohouse.tv.TvDiscoveryResultsTest
INSTRUMENTATION_STATUS: current=5
INSTRUMENTATION_STATUS: id=AndroidJUnitRunner
INSTRUMENTATION_STATUS: numtests=25
INSTRUMENTATION_STATUS: stream=.
INSTRUMENTATION_STATUS: test=emptyAndChangedSearchNeverFallBackAndEditingRefreshesMetadata
INSTRUMENTATION_STATUS_CODE: 0
INSTRUMENTATION_STATUS: class=dev.photohouse.tv.TvDiscoveryResultsTest
INSTRUMENTATION_STATUS: current=6
INSTRUMENTATION_STATUS: id=AndroidJUnitRunner
INSTRUMENTATION_STATUS: numtests=25
INSTRUMENTATION_STATUS: stream=
INSTRUMENTATION_STATUS: test=metadataRetryAndDeniedResultsClearPrivateStateWithoutFallback
INSTRUMENTATION_STATUS_CODE: 1
INSTRUMENTATION_STATUS: class=dev.photohouse.tv.TvDiscoveryResultsTest
INSTRUMENTATION_STATUS: current=6
INSTRUMENTATION_STATUS: id=AndroidJUnitRunner
INSTRUMENTATION_STATUS: numtests=25
INSTRUMENTATION_STATUS: stream=.
INSTRUMENTATION_STATUS: test=metadataRetryAndDeniedResultsClearPrivateStateWithoutFallback
INSTRUMENTATION_STATUS_CODE: 0
INSTRUMENTATION_STATUS: class=dev.photohouse.tv.TvDiscoveryResultsTest
INSTRUMENTATION_STATUS: current=7
INSTRUMENTATION_STATUS: id=AndroidJUnitRunner
INSTRUMENTATION_STATUS: numtests=25
INSTRUMENTATION_STATUS: stream=
INSTRUMENTATION_STATUS: test=filteredGalleryReusesPhotoAndVideoAndReturnsToSameSelection
INSTRUMENTATION_STATUS_CODE: 1
INSTRUMENTATION_STATUS: class=dev.photohouse.tv.TvDiscoveryResultsTest
INSTRUMENTATION_STATUS: current=7
INSTRUMENTATION_STATUS: id=AndroidJUnitRunner
INSTRUMENTATION_STATUS: numtests=25
INSTRUMENTATION_STATUS: stream=.
INSTRUMENTATION_STATUS: test=filteredGalleryReusesPhotoAndVideoAndReturnsToSameSelection
INSTRUMENTATION_STATUS_CODE: 0
INSTRUMENTATION_STATUS: class=dev.photohouse.tv.TvDiscoveryTest
INSTRUMENTATION_STATUS: current=8
INSTRUMENTATION_STATUS: id=AndroidJUnitRunner
INSTRUMENTATION_STATUS: numtests=25
INSTRUMENTATION_STATUS: stream=
dev.photohouse.tv.TvDiscoveryTest:
INSTRUMENTATION_STATUS: test=advancedCombinesCriteriaAndBlocksInvalidDatesUntilExplicitApply
INSTRUMENTATION_STATUS_CODE: 1
INSTRUMENTATION_STATUS: class=dev.photohouse.tv.TvDiscoveryTest
INSTRUMENTATION_STATUS: current=8
INSTRUMENTATION_STATUS: id=AndroidJUnitRunner
INSTRUMENTATION_STATUS: numtests=25
INSTRUMENTATION_STATUS: stream=.
INSTRUMENTATION_STATUS: test=advancedCombinesCriteriaAndBlocksInvalidDatesUntilExplicitApply
INSTRUMENTATION_STATUS_CODE: 0
INSTRUMENTATION_STATUS: class=dev.photohouse.tv.TvDiscoveryTest
INSTRUMENTATION_STATUS: current=9
INSTRUMENTATION_STATUS: id=AndroidJUnitRunner
INSTRUMENTATION_STATUS: numtests=25
INSTRUMENTATION_STATUS: stream=
INSTRUMENTATION_STATUS: test=chineseIndexCoverageAndYearPickerAreExplicit
INSTRUMENTATION_STATUS_CODE: 1
INSTRUMENTATION_STATUS: class=dev.photohouse.tv.TvDiscoveryTest
INSTRUMENTATION_STATUS: current=9
INSTRUMENTATION_STATUS: id=AndroidJUnitRunner
INSTRUMENTATION_STATUS: numtests=25
INSTRUMENTATION_STATUS: stream=.
INSTRUMENTATION_STATUS: test=chineseIndexCoverageAndYearPickerAreExplicit
INSTRUMENTATION_STATUS_CODE: 0
INSTRUMENTATION_STATUS: class=dev.photohouse.tv.TvDiscoveryTest
INSTRUMENTATION_STATUS: current=10
INSTRUMENTATION_STATUS: id=AndroidJUnitRunner
INSTRUMENTATION_STATUS: numtests=25
INSTRUMENTATION_STATUS: stream=
INSTRUMENTATION_STATUS: test=unavailableProductionFeedDoesNotInventSearchOrRetainEditorInBackground
INSTRUMENTATION_STATUS_CODE: 1
INSTRUMENTATION_STATUS: class=dev.photohouse.tv.TvDiscoveryTest
INSTRUMENTATION_STATUS: current=10
INSTRUMENTATION_STATUS: id=AndroidJUnitRunner
INSTRUMENTATION_STATUS: numtests=25
INSTRUMENTATION_STATUS: stream=.
INSTRUMENTATION_STATUS: test=unavailableProductionFeedDoesNotInventSearchOrRetainEditorInBackground
INSTRUMENTATION_STATUS_CODE: 0
INSTRUMENTATION_STATUS: class=dev.photohouse.tv.TvDiscoveryTest
INSTRUMENTATION_STATUS: current=11
INSTRUMENTATION_STATUS: id=AndroidJUnitRunner
INSTRUMENTATION_STATUS: numtests=25
INSTRUMENTATION_STATUS: stream=
INSTRUMENTATION_STATUS: test=cancellationRestoresDraftAndFocusThenBackLeavesExplore
INSTRUMENTATION_STATUS_CODE: 1
INSTRUMENTATION_STATUS: class=dev.photohouse.tv.TvDiscoveryTest
INSTRUMENTATION_STATUS: current=11
INSTRUMENTATION_STATUS: id=AndroidJUnitRunner
INSTRUMENTATION_STATUS: numtests=25
INSTRUMENTATION_STATUS: stream=.
INSTRUMENTATION_STATUS: test=cancellationRestoresDraftAndFocusThenBackLeavesExplore
INSTRUMENTATION_STATUS_CODE: 0
INSTRUMENTATION_STATUS: class=dev.photohouse.tv.TvDiscoveryTest
INSTRUMENTATION_STATUS: current=12
INSTRUMENTATION_STATUS: id=AndroidJUnitRunner
INSTRUMENTATION_STATUS: numtests=25
INSTRUMENTATION_STATUS: stream=
INSTRUMENTATION_STATUS: test=bilingualShortcutSubmitsStableIdentityWithNativeOk
INSTRUMENTATION_STATUS_CODE: 1
INSTRUMENTATION_STATUS: class=dev.photohouse.tv.TvDiscoveryTest
INSTRUMENTATION_STATUS: current=12
INSTRUMENTATION_STATUS: id=AndroidJUnitRunner
INSTRUMENTATION_STATUS: numtests=25
INSTRUMENTATION_STATUS: stream=.
INSTRUMENTATION_STATUS: test=bilingualShortcutSubmitsStableIdentityWithNativeOk
INSTRUMENTATION_STATUS_CODE: 0
INSTRUMENTATION_STATUS: class=dev.photohouse.tv.TvUiTest
INSTRUMENTATION_STATUS: current=13
INSTRUMENTATION_STATUS: id=AndroidJUnitRunner
INSTRUMENTATION_STATUS: numtests=25
INSTRUMENTATION_STATUS: stream=
dev.photohouse.tv.TvUiTest:
INSTRUMENTATION_STATUS: test=decoderPreservesExact4kAndRejectsMalformedOrOversizedInputs
INSTRUMENTATION_STATUS_CODE: 1
INSTRUMENTATION_STATUS: class=dev.photohouse.tv.TvUiTest
INSTRUMENTATION_STATUS: current=13
INSTRUMENTATION_STATUS: id=AndroidJUnitRunner
INSTRUMENTATION_STATUS: numtests=25
INSTRUMENTATION_STATUS: stream=.
INSTRUMENTATION_STATUS: test=decoderPreservesExact4kAndRejectsMalformedOrOversizedInputs
INSTRUMENTATION_STATUS_CODE: 0
INSTRUMENTATION_STATUS: class=dev.photohouse.tv.TvUiTest
INSTRUMENTATION_STATUS: current=14
INSTRUMENTATION_STATUS: id=AndroidJUnitRunner
INSTRUMENTATION_STATUS: numtests=25
INSTRUMENTATION_STATUS: stream=
INSTRUMENTATION_STATUS: test=remoteZoomPanResetAndFitFillStayOnTheSamePhoto
INSTRUMENTATION_STATUS_CODE: 1
INSTRUMENTATION_STATUS: class=dev.photohouse.tv.TvUiTest
INSTRUMENTATION_STATUS: current=14
INSTRUMENTATION_STATUS: id=AndroidJUnitRunner
INSTRUMENTATION_STATUS: numtests=25
INSTRUMENTATION_STATUS: stream=.
INSTRUMENTATION_STATUS: test=remoteZoomPanResetAndFitFillStayOnTheSamePhoto
INSTRUMENTATION_STATUS_CODE: 0
INSTRUMENTATION_STATUS: class=dev.photohouse.tv.TvUiTest
INSTRUMENTATION_STATUS: current=15
INSTRUMENTATION_STATUS: id=AndroidJUnitRunner
INSTRUMENTATION_STATUS: numtests=25
INSTRUMENTATION_STATUS: stream=
INSTRUMENTATION_STATUS: test=fullScreenRemoteNavigationAndPrivacyClearImages
INSTRUMENTATION_STATUS_CODE: 1
INSTRUMENTATION_STATUS: class=dev.photohouse.tv.TvUiTest
INSTRUMENTATION_STATUS: current=15
INSTRUMENTATION_STATUS: id=AndroidJUnitRunner
INSTRUMENTATION_STATUS: numtests=25
INSTRUMENTATION_STATUS: stream=.
INSTRUMENTATION_STATUS: test=fullScreenRemoteNavigationAndPrivacyClearImages
INSTRUMENTATION_STATUS_CODE: 0
INSTRUMENTATION_STATUS: class=dev.photohouse.tv.TvUiTest
INSTRUMENTATION_STATUS: current=16
INSTRUMENTATION_STATUS: id=AndroidJUnitRunner
INSTRUMENTATION_STATUS: numtests=25
INSTRUMENTATION_STATUS: stream=
INSTRUMENTATION_STATUS: test=setupIsClosedAndWindowRemainsSecure
INSTRUMENTATION_STATUS_CODE: 1
INSTRUMENTATION_STATUS: class=dev.photohouse.tv.TvUiTest
INSTRUMENTATION_STATUS: current=16
INSTRUMENTATION_STATUS: id=AndroidJUnitRunner
INSTRUMENTATION_STATUS: numtests=25
INSTRUMENTATION_STATUS: stream=.
INSTRUMENTATION_STATUS: test=setupIsClosedAndWindowRemainsSecure
INSTRUMENTATION_STATUS_CODE: 0
INSTRUMENTATION_STATUS: class=dev.photohouse.tv.TvUiTest
INSTRUMENTATION_STATUS: current=17
INSTRUMENTATION_STATUS: id=AndroidJUnitRunner
INSTRUMENTATION_STATUS: numtests=25
INSTRUMENTATION_STATUS: stream=
INSTRUMENTATION_STATUS: test=prepared4kLoadsAutomaticallyAndDisconnectClearsIt
INSTRUMENTATION_STATUS_CODE: 1
INSTRUMENTATION_STATUS: class=dev.photohouse.tv.TvUiTest
INSTRUMENTATION_STATUS: current=17
INSTRUMENTATION_STATUS: id=AndroidJUnitRunner
INSTRUMENTATION_STATUS: numtests=25
INSTRUMENTATION_STATUS: stream=.
INSTRUMENTATION_STATUS: test=prepared4kLoadsAutomaticallyAndDisconnectClearsIt
INSTRUMENTATION_STATUS_CODE: 0
INSTRUMENTATION_STATUS: class=dev.photohouse.tv.TvUiTest
INSTRUMENTATION_STATUS: current=18
INSTRUMENTATION_STATUS: id=AndroidJUnitRunner
INSTRUMENTATION_STATUS: numtests=25
INSTRUMENTATION_STATUS: stream=
INSTRUMENTATION_STATUS: test=slideshowAdvancesAndStopsWhenCovered
INSTRUMENTATION_STATUS_CODE: 1
INSTRUMENTATION_STATUS: class=dev.photohouse.tv.TvUiTest
INSTRUMENTATION_STATUS: current=18
INSTRUMENTATION_STATUS: id=AndroidJUnitRunner
INSTRUMENTATION_STATUS: numtests=25
INSTRUMENTATION_STATUS: stream=.
INSTRUMENTATION_STATUS: test=slideshowAdvancesAndStopsWhenCovered
INSTRUMENTATION_STATUS_CODE: 0
INSTRUMENTATION_STATUS: class=dev.photohouse.tv.TvUiTest
INSTRUMENTATION_STATUS: current=19
INSTRUMENTATION_STATUS: id=AndroidJUnitRunner
INSTRUMENTATION_STATUS: numtests=25
INSTRUMENTATION_STATUS: stream=
INSTRUMENTATION_STATUS: test=homeDisplayNeverShowsPersonalSignInFields
INSTRUMENTATION_STATUS_CODE: 1
INSTRUMENTATION_STATUS: class=dev.photohouse.tv.TvUiTest
INSTRUMENTATION_STATUS: current=19
INSTRUMENTATION_STATUS: id=AndroidJUnitRunner
INSTRUMENTATION_STATUS: numtests=25
INSTRUMENTATION_STATUS: stream=.
INSTRUMENTATION_STATUS: test=homeDisplayNeverShowsPersonalSignInFields
INSTRUMENTATION_STATUS_CODE: 0
INSTRUMENTATION_STATUS: class=dev.photohouse.tv.TvUiTest
INSTRUMENTATION_STATUS: current=20
INSTRUMENTATION_STATUS: id=AndroidJUnitRunner
INSTRUMENTATION_STATUS: numtests=25
INSTRUMENTATION_STATUS: stream=
INSTRUMENTATION_STATUS: test=remoteFocusOpensPhotoAndBackRestoresSelectedTile
INSTRUMENTATION_STATUS_CODE: 1
INSTRUMENTATION_STATUS: class=dev.photohouse.tv.TvUiTest
INSTRUMENTATION_STATUS: current=20
INSTRUMENTATION_STATUS: id=AndroidJUnitRunner
INSTRUMENTATION_STATUS: numtests=25
INSTRUMENTATION_STATUS: stream=.
INSTRUMENTATION_STATUS: test=remoteFocusOpensPhotoAndBackRestoresSelectedTile
INSTRUMENTATION_STATUS_CODE: 0
INSTRUMENTATION_STATUS: class=dev.photohouse.tv.TvUiTest
INSTRUMENTATION_STATUS: current=21
INSTRUMENTATION_STATUS: id=AndroidJUnitRunner
INSTRUMENTATION_STATUS: numtests=25
INSTRUMENTATION_STATUS: stream=
INSTRUMENTATION_STATUS: test=denialAndEmptyFeedStayClearWithoutSignIn
INSTRUMENTATION_STATUS_CODE: 1
INSTRUMENTATION_STATUS: class=dev.photohouse.tv.TvUiTest
INSTRUMENTATION_STATUS: current=21
INSTRUMENTATION_STATUS: id=AndroidJUnitRunner
INSTRUMENTATION_STATUS: numtests=25
INSTRUMENTATION_STATUS: stream=.
INSTRUMENTATION_STATUS: test=denialAndEmptyFeedStayClearWithoutSignIn
INSTRUMENTATION_STATUS_CODE: 0
INSTRUMENTATION_STATUS: class=dev.photohouse.tv.TvVideoTest
INSTRUMENTATION_STATUS: current=22
INSTRUMENTATION_STATUS: id=AndroidJUnitRunner
INSTRUMENTATION_STATUS: numtests=25
INSTRUMENTATION_STATUS: stream=
dev.photohouse.tv.TvVideoTest:
INSTRUMENTATION_STATUS: test=activityBackgroundClosesVideoAndDoesNotResumeAudio
INSTRUMENTATION_STATUS_CODE: 1
INSTRUMENTATION_STATUS: class=dev.photohouse.tv.TvVideoTest
INSTRUMENTATION_STATUS: current=22
INSTRUMENTATION_STATUS: id=AndroidJUnitRunner
INSTRUMENTATION_STATUS: numtests=25
INSTRUMENTATION_STATUS: stream=.
INSTRUMENTATION_STATUS: test=activityBackgroundClosesVideoAndDoesNotResumeAudio
INSTRUMENTATION_STATUS_CODE: 0
INSTRUMENTATION_STATUS: class=dev.photohouse.tv.TvVideoTest
INSTRUMENTATION_STATUS: current=23
INSTRUMENTATION_STATUS: id=AndroidJUnitRunner
INSTRUMENTATION_STATUS: numtests=25
INSTRUMENTATION_STATUS: stream=
INSTRUMENTATION_STATUS: test=malformedVideoClosesSourceAndReportsFailure
INSTRUMENTATION_STATUS_CODE: 1
INSTRUMENTATION_STATUS: class=dev.photohouse.tv.TvVideoTest
INSTRUMENTATION_STATUS: current=23
INSTRUMENTATION_STATUS: id=AndroidJUnitRunner
INSTRUMENTATION_STATUS: numtests=25
INSTRUMENTATION_STATUS: stream=.
INSTRUMENTATION_STATUS: test=malformedVideoClosesSourceAndReportsFailure
INSTRUMENTATION_STATUS_CODE: 0
INSTRUMENTATION_STATUS: class=dev.photohouse.tv.TvVideoTest
INSTRUMENTATION_STATUS: current=24
INSTRUMENTATION_STATUS: id=AndroidJUnitRunner
INSTRUMENTATION_STATUS: numtests=25
INSTRUMENTATION_STATUS: stream=
INSTRUMENTATION_STATUS: test=replacingSourceClosesOldPlayerAndPreparesNewWithoutAutoplay
INSTRUMENTATION_STATUS_CODE: 1
INSTRUMENTATION_STATUS: class=dev.photohouse.tv.TvVideoTest
INSTRUMENTATION_STATUS: current=24
INSTRUMENTATION_STATUS: id=AndroidJUnitRunner
INSTRUMENTATION_STATUS: numtests=25
INSTRUMENTATION_STATUS: stream=.
INSTRUMENTATION_STATUS: test=replacingSourceClosesOldPlayerAndPreparesNewWithoutAutoplay
INSTRUMENTATION_STATUS_CODE: 0
INSTRUMENTATION_STATUS: class=dev.photohouse.tv.TvVideoTest
INSTRUMENTATION_STATUS: current=25
INSTRUMENTATION_STATUS: id=AndroidJUnitRunner
INSTRUMENTATION_STATUS: numtests=25
INSTRUMENTATION_STATUS: stream=
INSTRUMENTATION_STATUS: test=nativeVideoPreparesPlaysSeeksFitsFullscreenAndCloses
INSTRUMENTATION_STATUS_CODE: 1
INSTRUMENTATION_STATUS: class=dev.photohouse.tv.TvVideoTest
INSTRUMENTATION_STATUS: current=25
INSTRUMENTATION_STATUS: id=AndroidJUnitRunner
INSTRUMENTATION_STATUS: numtests=25
INSTRUMENTATION_STATUS: stream=.
INSTRUMENTATION_STATUS: test=nativeVideoPreparesPlaysSeeksFitsFullscreenAndCloses
INSTRUMENTATION_STATUS_CODE: 0
INSTRUMENTATION_RESULT: stream=

Time: 228.261

OK (25 tests)


INSTRUMENTATION_CODE: -1
